pcrr8r NimbusMonL-Regu " TeXBase1Encoding ReEncodeFont " <8r.enc <ucrr8a.pfb
pcrr8rn NimbusMonL-Regu " .85 ExtendFont TeXBase1Encoding ReEncodeFont " <8r.enc <ucrr8a.pfb
phvb8r NimbusSanL-Bold " TeXBase1Encoding ReEncodeFont " <8r.enc <uhvb8a.pfb
phvr8r NimbusSanL-Regu " TeXBase1Encoding ReEncodeFont " <8r.enc <uhvr8a.pfb
pplb8r URWPalladioL-Bold " TeXBase1Encoding ReEncodeFont " <8r.enc <uplb8a.pfb
pplbo8r URWPalladioL-Bold " .167 SlantFont TeXBase1Encoding ReEncodeFont " <8r.enc <uplb8a.pfb
pplr8r URWPalladioL-Roma " TeXBase1Encoding ReEncodeFont " <8r.enc <uplr8a.pfb
pplr8rn URWPalladioL-Roma " .82 ExtendFont TeXBase1Encoding ReEncodeFont " <8r.enc <uplr8a.pfb
pplri8r URWPalladioL-Ital " TeXBase1Encoding ReEncodeFont " <8r.enc <uplri8a.pfb
pplro8r URWPalladioL-Roma " .167 SlantFont TeXBase1Encoding ReEncodeFont " <8r.enc <uplr8a.pfb
pplrr8re URWPalladioL-Roma " 1.2 ExtendFont TeXBase1Encoding ReEncodeFont " <8r.enc <uplr8a.pfb
pplru8r URWPalladioL-Ital " -.1763 SlantFont TeXBase1Encoding ReEncodeFont " <8r.enc <uplri8a.pfb
ptmb8r NimbusRomNo9L-Medi " TeXBase1Encoding ReEncodeFont " <8r.enc <utmb8a.pfb
ptmbo8r NimbusRomNo9L-Medi " .167 SlantFont TeXBase1Encoding ReEncodeFont " <8r.enc <utmb8a.pfb
ptmr8r NimbusRomNo9L-Regu " TeXBase1Encoding ReEncodeFont " <8r.enc <utmr8a.pfb
ptmr8rn NimbusRomNo9L-Regu " .82 ExtendFont TeXBase1Encoding ReEncodeFont " <8r.enc <utmr8a.pfb
ptmri8r NimbusRomNo9L-ReguItal " TeXBase1Encoding ReEncodeFont " <8r.enc <utmri8a.pfb
ptmro8r NimbusRomNo9L-Regu " .167 SlantFont TeXBase1Encoding ReEncodeFont " <8r.enc <utmr8a.pfb
ptmrr8re NimbusRomNo9L-Regu " 1.2 ExtendFont TeXBase1Encoding ReEncodeFont " <8r.enc <utmr8a.pfb
pzdr Dingbats <uzdr.pfb
rpxpplb URWPalladioL-Bold " TeXBase1Encoding ReEncodeFont " <8r.enc <uplb8a.pfb
rpxpplbo URWPalladioL-Bold " .167 SlantFont TeXBase1Encoding ReEncodeFont " <8r.enc <uplb8a.pfb
rpxpplr URWPalladioL-Roma " TeXBase1Encoding ReEncodeFont " <8r.enc <uplr8a.pfb
rpxpplri URWPalladioL-Ital " TeXBase1Encoding ReEncodeFont " <8r.enc <uplri8a.pfb
rpxpplro URWPalladioL-Roma " .167 SlantFont TeXBase1Encoding ReEncodeFont " <8r.enc <uplr8a.pfb
rpzdr Dingbats <uzdr.pfb
rtxphvb NimbusSanL-Bold " TeXBase1Encoding ReEncodeFont " <8r.enc <uhvb8a.pfb
rtxphvbo NimbusSanL-Bold " .167 SlantFont TeXBase1Encoding ReEncodeFont " <8r.enc <uhvb8a.pfb
rtxphvr NimbusSanL-Regu " TeXBase1Encoding ReEncodeFont " <8r.enc <uhvr8a.pfb
rtxphvro NimbusSanL-Regu " .167 SlantFont TeXBase1Encoding ReEncodeFont " <8r.enc <uhvr8a.pfb
rtxptmb NimbusRomNo9L-Medi " TeXBase1Encoding ReEncodeFont " <8r.enc <utmb8a.pfb
rtxptmbo NimbusRomNo9L-Medi " .167 SlantFont TeXBase1Encoding ReEncodeFont " <8r.enc <utmb8a.pfb
rtxptmr NimbusRomNo9L-Regu " TeXBase1Encoding ReEncodeFont " <8r.enc <utmr8a.pfb
rtxptmri NimbusRomNo9L-ReguItal " TeXBase1Encoding ReEncodeFont " <8r.enc <utmri8a.pfb
rtxptmro NimbusRomNo9L-Regu " .167 SlantFont TeXBase1Encoding ReEncodeFont " <8r.enc <utmr8a.pfb
tmbo108r NimbusRomNo9L-Medi " .167 SlantFont TeXBase1Encoding ReEncodeFont " <8r.enc <utmb8a.pfb
tmrb108r NimbusRomNo9L-Medi " TeXBase1Encoding ReEncodeFont " <8r.enc <utmb8a.pfb
tmri108r NimbusRomNo9L-ReguItal " TeXBase1Encoding ReEncodeFont " <8r.enc <utmri8a.pfb
tmrm108r NimbusRomNo9L-Regu " TeXBase1Encoding ReEncodeFont " <8r.enc <utmr8a.pfb
tmro108r NimbusRomNo9L-Regu " .167 SlantFont TeXBase1Encoding ReEncodeFont " <8r.enc <utmr8a.pfb
tmui108r NimbusRomNo9L-ReguItal " -.277 SlantFont TeXBase1Encoding ReEncodeFont " <8r.enc <utmri8a.pfb
zd Dingbats <uzdr.pfb
ecbi0500 SFBI0500 " T1Encoding ReEncodeFont " <cm-super-t1.enc <sfbi0500.pfb
ecbi0600 SFBI0600 " T1Encoding ReEncodeFont " <cm-super-t1.enc <sfbi0600.pfb
ecbi0700 SFBI0700 " T1Encoding ReEncodeFont " <cm-super-t1.enc <sfbi0700.pfb
ecbi0800 SFBI0800 " T1Encoding ReEncodeFont " <cm-super-t1.enc <sfbi0800.pfb
ecbi0900 SFBI0900 " T1Encoding ReEncodeFont " <cm-super-t1.enc <sfbi0900.pfb
ecbi1095 SFBI1095 " T1Encoding ReEncodeFont " <cm-super-t1.enc <sfbi1095.pfb
ecbi1200 SFBI1200 " T1Encoding ReEncodeFont " <cm-super-t1.enc <sfbi1200.pfb
ecbi1440 SFBI1440 " T1Encoding ReEncodeFont " <cm-super-t1.enc <sfbi1440.pfb
ecbi1728 SFBI1728 " T1Encoding ReEncodeFont " <cm-super-t1.enc <sfbi1728.pfb
ecbx0500 SFBX0500 " T1Encoding ReEncodeFont " <cm-super-t1.enc <sfbx0500.pfb
ecbx0600 SFBX0600 " T1Encoding ReEncodeFont " <cm-super-t1.enc <sfbx0600.pfb
ecbx0700 SFBX0700 " T1Encoding ReEncodeFont " <cm-super-t1.enc <sfbx0700.pfb
ecbx0800 SFBX0800 " T1Encoding ReEncodeFont " <cm-super-t1.enc <sfbx0800.pfb
ecbx0900 SFBX0900 " T1Encoding ReEncodeFont " <cm-super-t1.enc <sfbx0900.pfb
ecbx1095 SFBX1095 " T1Encoding ReEncodeFont " <cm-super-t1.enc <sfbx1095.pfb
ecbx1200 SFBX1200 " T1Encoding ReEncodeFont " <cm-super-t1.enc <sfbx1200.pfb
ecbx1440 SFBX1440 " T1Encoding ReEncodeFont " <cm-super-t1.enc <sfbx1440.pfb
ecbx1728 SFBX1728 " T1Encoding ReEncodeFont " <cm-super-t1.enc <sfbx1728.pfb
eccc0500 SFCC0500 " T1Encoding ReEncodeFont " <cm-super-t1.enc <sfcc0500.pfb
eccc0600 SFCC0600 " T1Encoding ReEncodeFont " <cm-super-t1.enc <sfcc0600.pfb
eccc0700 SFCC0700 " T1Encoding ReEncodeFont " <cm-super-t1.enc <sfcc0700.pfb
eccc0800 SFCC0800 " T1Encoding ReEncodeFont " <cm-super-t1.enc <sfcc0800.pfb
eccc0900 SFCC0900 " T1Encoding ReEncodeFont " <cm-super-t1.enc <sfcc0900.pfb
eccc1095 SFCC1095 " T1Encoding ReEncodeFont " <cm-super-t1.enc <sfcc1095.pfb
eccc1200 SFCC1200 " T1Encoding ReEncodeFont " <cm-super-t1.enc <sfcc1200.pfb
eccc1440 SFCC1440 " T1Encoding ReEncodeFont " <cm-super-t1.enc <sfcc1440.pfb
eccc1728 SFCC1728 " T1Encoding ReEncodeFont " <cm-super-t1.enc <sfcc1728.pfb
ecrm0500 SFRM0500 " T1Encoding ReEncodeFont " <cm-super-t1.enc <sfrm0500.pfb
ecrm0600 SFRM0600 " T1Encoding ReEncodeFont " <cm-super-t1.enc <sfrm0600.pfb
ecrm0700 SFRM0700 " T1Encoding ReEncodeFont " <cm-super-t1.enc <sfrm0700.pfb
ecrm0800 SFRM0800 " T1Encoding ReEncodeFont " <cm-super-t1.enc <sfrm0800.pfb
ecrm0900 SFRM0900 " T1Encoding ReEncodeFont " <cm-super-t1.enc <sfrm0900.pfb
ecrm1095 SFRM1095 " T1Encoding ReEncodeFont " <cm-super-t1.enc <sfrm1095.pfb
ecrm1200 SFRM1200 " T1Encoding ReEncodeFont " <cm-super-t1.enc <sfrm1200.pfb
ecrm1440 SFRM1440 " T1Encoding ReEncodeFont " <cm-super-t1.enc <sfrm1440.pfb
ecrm1728 SFRM1728 " T1Encoding ReEncodeFont " <cm-super-t1.enc <sfrm1728.pfb
ecsc0500 SFSC0500 " T1Encoding ReEncodeFont " <cm-super-t1.enc <sfsc0500.pfb
ecsc0600 SFSC0600 " T1Encoding ReEncodeFont " <cm-super-t1.enc <sfsc0600.pfb
ecsc0700 SFSC0700 " T1Encoding ReEncodeFont " <cm-super-t1.enc <sfsc0700.pfb
ecsc0800 SFSC0800 " T1Encoding ReEncodeFont " <cm-super-t1.enc <sfsc0800.pfb
ecsc0900 SFSC0900 " T1Encoding ReEncodeFont " <cm-super-t1.enc <sfsc0900.pfb
ecsc1095 SFSC1095 " T1Encoding ReEncodeFont " <cm-super-t1.enc <sfsc1095.pfb
ecsc1200 SFSC1200 " T1Encoding ReEncodeFont " <cm-super-t1.enc <sfsc1200.pfb
ecsc1440 SFSC1440 " T1Encoding ReEncodeFont " <cm-super-t1.enc <sfsc1440.pfb
ecsc1728 SFSC1728 " T1Encoding ReEncodeFont " <cm-super-t1.enc <sfsc1728.pfb
ecsi0500 SFSI0500 " T1Encoding ReEncodeFont " <cm-super-t1.enc <sfsi0500.pfb
ecsi0600 SFSI0600 " T1Encoding ReEncodeFont " <cm-super-t1.enc <sfsi0600.pfb
ecsi0700 SFSI0700 " T1Encoding ReEncodeFont " <cm-super-t1.enc <sfsi0700.pfb
ecsi0800 SFSI0800 " T1Encoding ReEncodeFont " <cm-super-t1.enc <sfsi0800.pfb
ecsi0900 SFSI0900 " T1Encoding ReEncodeFont " <cm-super-t1.enc <sfsi0900.pfb
ecsi1095 SFSI1095 " T1Encoding ReEncodeFont " <cm-super-t1.enc <sfsi1095.pfb
ecsi1200 SFSI1200 " T1Encoding ReEncodeFont " <cm-super-t1.enc <sfsi1200.pfb
ecsi1440 SFSI1440 " T1Encoding ReEncodeFont " <cm-super-t1.enc <sfsi1440.pfb
ecsi1728 SFSI1728 " T1Encoding ReEncodeFont " <cm-super-t1.enc <sfsi1728.pfb
ecsl0500 SFSL0500 " T1Encoding ReEncodeFont " <cm-super-t1.enc <sfsl0500.pfb
ecsl0600 SFSL0600 " T1Encoding ReEncodeFont " <cm-super-t1.enc <sfsl0600.pfb
ecsl0700 SFSL0700 " T1Encoding ReEncodeFont " <cm-super-t1.enc <sfsl0700.pfb
ecsl0800 SFSL0800 " T1Encoding ReEncodeFont " <cm-super-t1.enc <sfsl0800.pfb
ecsl0900 SFSL0900 " T1Encoding ReEncodeFont " <cm-super-t1.enc <sfsl0900.pfb
ecsl1095 SFSL1095 " T1Encoding ReEncodeFont " <cm-super-t1.enc <sfsl1095.pfb
ecsl1200 SFSL1200 " T1Encoding ReEncodeFont " <cm-super-t1.enc <sfsl1200.pfb
ecsl1440 SFSL1440 " T1Encoding ReEncodeFont " <cm-super-t1.enc <sfsl1440.pfb
ecsl1728 SFSL1728 " T1Encoding ReEncodeFont " <cm-super-t1.enc <sfsl1728.pfb
ecss0500 SFSS0500 " T1Encoding ReEncodeFont " <cm-super-t1.enc <sfss0500.pfb
ecss0600 SFSS0600 " T1Encoding ReEncodeFont " <cm-super-t1.enc <sfss0600.pfb
ecss0700 SFSS0700 " T1Encoding ReEncodeFont " <cm-super-t1.enc <sfss0700.pfb
ecss0800 SFSS0800 " T1Encoding ReEncodeFont " <cm-super-t1.enc <sfss0800.pfb
ecss0900 SFSS0900 " T1Encoding ReEncodeFont " <cm-super-t1.enc <sfss0900.pfb
ecss1095 SFSS1095 " T1Encoding ReEncodeFont " <cm-super-t1.enc <sfss1095.pfb
ecss1200 SFSS1200 " T1Encoding ReEncodeFont " <cm-super-t1.enc <sfss1200.pfb
ecss1440 SFSS1440 " T1Encoding ReEncodeFont " <cm-super-t1.enc <sfss1440.pfb
ecss1728 SFSS1728 " T1Encoding ReEncodeFont " <cm-super-t1.enc <sfss1728.pfb
ecsx0500 SFSX0500 " T1Encoding ReEncodeFont " <cm-super-t1.enc <sfsx0500.pfb
ecsx0600 SFSX0600 " T1Encoding ReEncodeFont " <cm-super-t1.enc <sfsx0600.pfb
ecsx0700 SFSX0700 " T1Encoding ReEncodeFont " <cm-super-t1.enc <sfsx0700.pfb
ecsx0800 SFSX0800 " T1Encoding ReEncodeFont " <cm-super-t1.enc <sfsx0800.pfb
ecsx0900 SFSX0900 " T1Encoding ReEncodeFont " <cm-super-t1.enc <sfsx0900.pfb
ecsx1095 SFSX1095 " T1Encoding ReEncodeFont " <cm-super-t1.enc <sfsx1095.pfb
ecsx1200 SFSX1200 " T1Encoding ReEncodeFont " <cm-super-t1.enc <sfsx1200.pfb
ecsx1440 SFSX1440 " T1Encoding ReEncodeFont " <cm-super-t1.enc <sfsx1440.pfb
ecsx1728 SFSX1728 " T1Encoding ReEncodeFont " <cm-super-t1.enc <sfsx1728.pfb
ectc0800 SFTC0800 " T1Encoding ReEncodeFont " <cm-super-t1.enc <sftc0800.pfb
ectc0900 SFTC0900 " T1Encoding ReEncodeFont " <cm-super-t1.enc <sftc0900.pfb
ectc1095 SFTC1095 " T1Encoding ReEncodeFont " <cm-super-t1.enc <sftc1095.pfb
ectc1200 SFTC1200 " T1Encoding ReEncodeFont " <cm-super-t1.enc <sftc1200.pfb
ectc1440 SFTC1440 " T1Encoding ReEncodeFont " <cm-super-t1.enc <sftc1440.pfb
ectc1728 SFTC1728 " T1Encoding ReEncodeFont " <cm-super-t1.enc <sftc1728.pfb
ecti0500 SFTI0500 " T1Encoding ReEncodeFont " <cm-super-t1.enc <sfti0500.pfb
ecti0600 SFTI0600 " T1Encoding ReEncodeFont " <cm-super-t1.enc <sfti0600.pfb
ecti0700 SFTI0700 " T1Encoding ReEncodeFont " <cm-super-t1.enc <sfti0700.pfb
ecti0800 SFTI0800 " T1Encoding ReEncodeFont " <cm-super-t1.enc <sfti0800.pfb
ecti0900 SFTI0900 " T1Encoding ReEncodeFont " <cm-super-t1.enc <sfti0900.pfb
ecti1095 SFTI1095 " T1Encoding ReEncodeFont " <cm-super-t1.enc <sfti1095.pfb
ecti1200 SFTI1200 " T1Encoding ReEncodeFont " <cm-super-t1.enc <sfti1200.pfb
ecti1440 SFTI1440 " T1Encoding ReEncodeFont " <cm-super-t1.enc <sfti1440.pfb
ecti1728 SFTI1728 " T1Encoding ReEncodeFont " <cm-super-t1.enc <sfti1728.pfb
ectt0800 SFTT0800 " T1Encoding ReEncodeFont " <cm-super-t1.enc <sftt0800.pfb
ectt0900 SFTT0900 " T1Encoding ReEncodeFont " <cm-super-t1.enc <sftt0900.pfb
ectt1095 SFTT1095 " T1Encoding ReEncodeFont " <cm-super-t1.enc <sftt1095.pfb
ectt1200 SFTT1200 " T1Encoding ReEncodeFont " <cm-super-t1.enc <sftt1200.pfb
ectt1440 SFTT1440 " T1Encoding ReEncodeFont " <cm-super-t1.enc <sftt1440.pfb
ectt1728 SFTT1728 " T1Encoding ReEncodeFont " <cm-super-t1.enc <sftt1728.pfb
labi0500 SFBI0500 " T2AEncoding ReEncodeFont " <cm-super-t2a.enc <sfbi0500.pfb
labi0600 SFBI0600 " T2AEncoding ReEncodeFont " <cm-super-t2a.enc <sfbi0600.pfb
labi0700 SFBI0700 " T2AEncoding ReEncodeFont " <cm-super-t2a.enc <sfbi0700.pfb
labi0800 SFBI0800 " T2AEncoding ReEncodeFont " <cm-super-t2a.enc <sfbi0800.pfb
labi0900 SFBI0900 " T2AEncoding ReEncodeFont " <cm-super-t2a.enc <sfbi0900.pfb
labi1095 SFBI1095 " T2AEncoding ReEncodeFont " <cm-super-t2a.enc <sfbi1095.pfb
labi1200 SFBI1200 " T2AEncoding ReEncodeFont " <cm-super-t2a.enc <sfbi1200.pfb
labi1440 SFBI1440 " T2AEncoding ReEncodeFont " <cm-super-t2a.enc <sfbi1440.pfb
labi1728 SFBI1728 " T2AEncoding ReEncodeFont " <cm-super-t2a.enc <sfbi1728.pfb
labx0500 SFBX0500 " T2AEncoding ReEncodeFont " <cm-super-t2a.enc <sfbx0500.pfb
labx0600 SFBX0600 " T2AEncoding ReEncodeFont " <cm-super-t2a.enc <sfbx0600.pfb
labx0700 SFBX0700 " T2AEncoding ReEncodeFont " <cm-super-t2a.enc <sfbx0700.pfb
labx0800 SFBX0800 " T2AEncoding ReEncodeFont " <cm-super-t2a.enc <sfbx0800.pfb
labx0900 SFBX0900 " T2AEncoding ReEncodeFont " <cm-super-t2a.enc <sfbx0900.pfb
labx1095 SFBX1095 " T2AEncoding ReEncodeFont " <cm-super-t2a.enc <sfbx1095.pfb
labx1200 SFBX1200 " T2AEncoding ReEncodeFont " <cm-super-t2a.enc <sfbx1200.pfb
labx1440 SFBX1440 " T2AEncoding ReEncodeFont " <cm-super-t2a.enc <sfbx1440.pfb
labx1728 SFBX1728 " T2AEncoding ReEncodeFont " <cm-super-t2a.enc <sfbx1728.pfb
lacc0500 SFCC0500 " T2AEncoding ReEncodeFont " <cm-super-t2a.enc <sfcc0500.pfb
lacc0600 SFCC0600 " T2AEncoding ReEncodeFont " <cm-super-t2a.enc <sfcc0600.pfb
lacc0700 SFCC0700 " T2AEncoding ReEncodeFont " <cm-super-t2a.enc <sfcc0700.pfb
lacc0800 SFCC0800 " T2AEncoding ReEncodeFont " <cm-super-t2a.enc <sfcc0800.pfb
lacc0900 SFCC0900 " T2AEncoding ReEncodeFont " <cm-super-t2a.enc <sfcc0900.pfb
lacc1095 SFCC1095 " T2AEncoding ReEncodeFont " <cm-super-t2a.enc <sfcc1095.pfb
lacc1200 SFCC1200 " T2AEncoding ReEncodeFont " <cm-super-t2a.enc <sfcc1200.pfb
lacc1440 SFCC1440 " T2AEncoding ReEncodeFont " <cm-super-t2a.enc <sfcc1440.pfb
lacc1728 SFCC1728 " T2AEncoding ReEncodeFont " <cm-super-t2a.enc <sfcc1728.pfb
larm0500 SFRM0500 " T2AEncoding ReEncodeFont " <cm-super-t2a.enc <sfrm0500.pfb
larm0600 SFRM0600 " T2AEncoding ReEncodeFont " <cm-super-t2a.enc <sfrm0600.pfb
larm0700 SFRM0700 " T2AEncoding ReEncodeFont " <cm-super-t2a.enc <sfrm0700.pfb
larm0800 SFRM0800 " T2AEncoding ReEncodeFont " <cm-super-t2a.enc <sfrm0800.pfb
larm0900 SFRM0900 " T2AEncoding ReEncodeFont " <cm-super-t2a.enc <sfrm0900.pfb
larm1095 SFRM1095 " T2AEncoding ReEncodeFont " <cm-super-t2a.enc <sfrm1095.pfb
larm1200 SFRM1200 " T2AEncoding ReEncodeFont " <cm-super-t2a.enc <sfrm1200.pfb
larm1440 SFRM1440 " T2AEncoding ReEncodeFont " <cm-super-t2a.enc <sfrm1440.pfb
larm1728 SFRM1728 " T2AEncoding ReEncodeFont " <cm-super-t2a.enc <sfrm1728.pfb
lasc0500 SFSC0500 " T2AEncoding ReEncodeFont " <cm-super-t2a.enc <sfsc0500.pfb
lasc0600 SFSC0600 " T2AEncoding ReEncodeFont " <cm-super-t2a.enc <sfsc0600.pfb
lasc0700 SFSC0700 " T2AEncoding ReEncodeFont " <cm-super-t2a.enc <sfsc0700.pfb
lasc0800 SFSC0800 " T2AEncoding ReEncodeFont " <cm-super-t2a.enc <sfsc0800.pfb
lasc0900 SFSC0900 " T2AEncoding ReEncodeFont " <cm-super-t2a.enc <sfsc0900.pfb
lasc1095 SFSC1095 " T2AEncoding ReEncodeFont " <cm-super-t2a.enc <sfsc1095.pfb
lasc1200 SFSC1200 " T2AEncoding ReEncodeFont " <cm-super-t2a.enc <sfsc1200.pfb
lasc1440 SFSC1440 " T2AEncoding ReEncodeFont " <cm-super-t2a.enc <sfsc1440.pfb
lasc1728 SFSC1728 " T2AEncoding ReEncodeFont " <cm-super-t2a.enc <sfsc1728.pfb
lasi0500 SFSI0500 " T2AEncoding ReEncodeFont " <cm-super-t2a.enc <sfsi0500.pfb
lasi0600 SFSI0600 " T2AEncoding ReEncodeFont " <cm-super-t2a.enc <sfsi0600.pfb
lasi0700 SFSI0700 " T2AEncoding ReEncodeFont " <cm-super-t2a.enc <sfsi0700.pfb
lasi0800 SFSI0800 " T2AEncoding ReEncodeFont " <cm-super-t2a.enc <sfsi0800.pfb
lasi0900 SFSI0900 " T2AEncoding ReEncodeFont " <cm-super-t2a.enc <sfsi0900.pfb
lasi1095 SFSI1095 " T2AEncoding ReEncodeFont " <cm-super-t2a.enc <sfsi1095.pfb
lasi1200 SFSI1200 " T2AEncoding ReEncodeFont " <cm-super-t2a.enc <sfsi1200.pfb
lasi1440 SFSI1440 " T2AEncoding ReEncodeFont " <cm-super-t2a.enc <sfsi1440.pfb
lasi1728 SFSI1728 " T2AEncoding ReEncodeFont " <cm-super-t2a.enc <sfsi1728.pfb
lasl0500 SFSL0500 " T2AEncoding ReEncodeFont " <cm-super-t2a.enc <sfsl0500.pfb
lasl0600 SFSL0600 " T2AEncoding ReEncodeFont " <cm-super-t2a.enc <sfsl0600.pfb
lasl0700 SFSL0700 " T2AEncoding ReEncodeFont " <cm-super-t2a.enc <sfsl0700.pfb
lasl0800 SFSL0800 " T2AEncoding ReEncodeFont " <cm-super-t2a.enc <sfsl0800.pfb
lasl0900 SFSL0900 " T2AEncoding ReEncodeFont " <cm-super-t2a.enc <sfsl0900.pfb
lasl1095 SFSL1095 " T2AEncoding ReEncodeFont " <cm-super-t2a.enc <sfsl1095.pfb
lasl1200 SFSL1200 " T2AEncoding ReEncodeFont " <cm-super-t2a.enc <sfsl1200.pfb
lasl1440 SFSL1440 " T2AEncoding ReEncodeFont " <cm-super-t2a.enc <sfsl1440.pfb
lasl1728 SFSL1728 " T2AEncoding ReEncodeFont " <cm-super-t2a.enc <sfsl1728.pfb
lass0500 SFSS0500 " T2AEncoding ReEncodeFont " <cm-super-t2a.enc <sfss0500.pfb
lass0600 SFSS0600 " T2AEncoding ReEncodeFont " <cm-super-t2a.enc <sfss0600.pfb
lass0700 SFSS0700 " T2AEncoding ReEncodeFont " <cm-super-t2a.enc <sfss0700.pfb
lass0800 SFSS0800 " T2AEncoding ReEncodeFont " <cm-super-t2a.enc <sfss0800.pfb
lass0900 SFSS0900 " T2AEncoding ReEncodeFont " <cm-super-t2a.enc <sfss0900.pfb
lass1095 SFSS1095 " T2AEncoding ReEncodeFont " <cm-super-t2a.enc <sfss1095.pfb
lass1200 SFSS1200 " T2AEncoding ReEncodeFont " <cm-super-t2a.enc <sfss1200.pfb
lass1440 SFSS1440 " T2AEncoding ReEncodeFont " <cm-super-t2a.enc <sfss1440.pfb
lass1728 SFSS1728 " T2AEncoding ReEncodeFont " <cm-super-t2a.enc <sfss1728.pfb
lasx0500 SFSX0500 " T2AEncoding ReEncodeFont " <cm-super-t2a.enc <sfsx0500.pfb
lasx0600 SFSX0600 " T2AEncoding ReEncodeFont " <cm-super-t2a.enc <sfsx0600.pfb
lasx0700 SFSX0700 " T2AEncoding ReEncodeFont " <cm-super-t2a.enc <sfsx0700.pfb
lasx0800 SFSX0800 " T2AEncoding ReEncodeFont " <cm-super-t2a.enc <sfsx0800.pfb
lasx0900 SFSX0900 " T2AEncoding ReEncodeFont " <cm-super-t2a.enc <sfsx0900.pfb
lasx1095 SFSX1095 " T2AEncoding ReEncodeFont " <cm-super-t2a.enc <sfsx1095.pfb
lasx1200 SFSX1200 " T2AEncoding ReEncodeFont " <cm-super-t2a.enc <sfsx1200.pfb
lasx1440 SFSX1440 " T2AEncoding ReEncodeFont " <cm-super-t2a.enc <sfsx1440.pfb
lasx1728 SFSX1728 " T2AEncoding ReEncodeFont " <cm-super-t2a.enc <sfsx1728.pfb
latc0800 SFTC0800 " T2AEncoding ReEncodeFont " <cm-super-t2a.enc <sftc0800.pfb
latc0900 SFTC0900 " T2AEncoding ReEncodeFont " <cm-super-t2a.enc <sftc0900.pfb
latc1095 SFTC1095 " T2AEncoding ReEncodeFont " <cm-super-t2a.enc <sftc1095.pfb
latc1200 SFTC1200 " T2AEncoding ReEncodeFont " <cm-super-t2a.enc <sftc1200.pfb
latc1440 SFTC1440 " T2AEncoding ReEncodeFont " <cm-super-t2a.enc <sftc1440.pfb
latc1728 SFTC1728 " T2AEncoding ReEncodeFont " <cm-super-t2a.enc <sftc1728.pfb
lati0500 SFTI0500 " T2AEncoding ReEncodeFont " <cm-super-t2a.enc <sfti0500.pfb
lati0600 SFTI0600 " T2AEncoding ReEncodeFont " <cm-super-t2a.enc <sfti0600.pfb
lati0700 SFTI0700 " T2AEncoding ReEncodeFont " <cm-super-t2a.enc <sfti0700.pfb
lati0800 SFTI0800 " T2AEncoding ReEncodeFont " <cm-super-t2a.enc <sfti0800.pfb
lati0900 SFTI0900 " T2AEncoding ReEncodeFont " <cm-super-t2a.enc <sfti0900.pfb
lati1095 SFTI1095 " T2AEncoding ReEncodeFont " <cm-super-t2a.enc <sfti1095.pfb
lati1200 SFTI1200 " T2AEncoding ReEncodeFont " <cm-super-t2a.enc <sfti1200.pfb
lati1440 SFTI1440 " T2AEncoding ReEncodeFont " <cm-super-t2a.enc <sfti1440.pfb
lati1728 SFTI1728 " T2AEncoding ReEncodeFont " <cm-super-t2a.enc <sfti1728.pfb
latt0800 SFTT0800 " T2AEncoding ReEncodeFont " <cm-super-t2a.enc <sftt0800.pfb
latt0900 SFTT0900 " T2AEncoding ReEncodeFont " <cm-super-t2a.enc <sftt0900.pfb
latt1095 SFTT1095 " T2AEncoding ReEncodeFont " <cm-super-t2a.enc <sftt1095.pfb
latt1200 SFTT1200 " T2AEncoding ReEncodeFont " <cm-super-t2a.enc <sftt1200.pfb
latt1440 SFTT1440 " T2AEncoding ReEncodeFont " <cm-super-t2a.enc <sftt1440.pfb
latt1728 SFTT1728 " T2AEncoding ReEncodeFont " <cm-super-t2a.enc <sftt1728.pfb
lbbi0500 SFBI0500 " T2BEncoding ReEncodeFont " <cm-super-t2b.enc <sfbi0500.pfb
lbbi0600 SFBI0600 " T2BEncoding ReEncodeFont " <cm-super-t2b.enc <sfbi0600.pfb
lbbi0700 SFBI0700 " T2BEncoding ReEncodeFont " <cm-super-t2b.enc <sfbi0700.pfb
lbbi0800 SFBI0800 " T2BEncoding ReEncodeFont " <cm-super-t2b.enc <sfbi0800.pfb
lbbi0900 SFBI0900 " T2BEncoding ReEncodeFont " <cm-super-t2b.enc <sfbi0900.pfb
lbbi1095 SFBI1095 " T2BEncoding ReEncodeFont " <cm-super-t2b.enc <sfbi1095.pfb
lbbi1200 SFBI1200 " T2BEncoding ReEncodeFont " <cm-super-t2b.enc <sfbi1200.pfb
lbbi1440 SFBI1440 " T2BEncoding ReEncodeFont " <cm-super-t2b.enc <sfbi1440.pfb
lbbi1728 SFBI1728 " T2BEncoding ReEncodeFont " <cm-super-t2b.enc <sfbi1728.pfb
lbbx0500 SFBX0500 " T2BEncoding ReEncodeFont " <cm-super-t2b.enc <sfbx0500.pfb
lbbx0600 SFBX0600 " T2BEncoding ReEncodeFont " <cm-super-t2b.enc <sfbx0600.pfb
lbbx0700 SFBX0700 " T2BEncoding ReEncodeFont " <cm-super-t2b.enc <sfbx0700.pfb
lbbx0800 SFBX0800 " T2BEncoding ReEncodeFont " <cm-super-t2b.enc <sfbx0800.pfb
lbbx0900 SFBX0900 " T2BEncoding ReEncodeFont " <cm-super-t2b.enc <sfbx0900.pfb
lbbx1095 SFBX1095 " T2BEncoding ReEncodeFont " <cm-super-t2b.enc <sfbx1095.pfb
lbbx1200 SFBX1200 " T2BEncoding ReEncodeFont " <cm-super-t2b.enc <sfbx1200.pfb
lbbx1440 SFBX1440 " T2BEncoding ReEncodeFont " <cm-super-t2b.enc <sfbx1440.pfb
lbbx1728 SFBX1728 " T2BEncoding ReEncodeFont " <cm-super-t2b.enc <sfbx1728.pfb
lbcc0500 SFCC0500 " T2BEncoding ReEncodeFont " <cm-super-t2b.enc <sfcc0500.pfb
lbcc0600 SFCC0600 " T2BEncoding ReEncodeFont " <cm-super-t2b.enc <sfcc0600.pfb
lbcc0700 SFCC0700 " T2BEncoding ReEncodeFont " <cm-super-t2b.enc <sfcc0700.pfb
lbcc0800 SFCC0800 " T2BEncoding ReEncodeFont " <cm-super-t2b.enc <sfcc0800.pfb
lbcc0900 SFCC0900 " T2BEncoding ReEncodeFont " <cm-super-t2b.enc <sfcc0900.pfb
lbcc1095 SFCC1095 " T2BEncoding ReEncodeFont " <cm-super-t2b.enc <sfcc1095.pfb
lbcc1200 SFCC1200 " T2BEncoding ReEncodeFont " <cm-super-t2b.enc <sfcc1200.pfb
lbcc1440 SFCC1440 " T2BEncoding ReEncodeFont " <cm-super-t2b.enc <sfcc1440.pfb
lbcc1728 SFCC1728 " T2BEncoding ReEncodeFont " <cm-super-t2b.enc <sfcc1728.pfb
lbrm0500 SFRM0500 " T2BEncoding ReEncodeFont " <cm-super-t2b.enc <sfrm0500.pfb
lbrm0600 SFRM0600 " T2BEncoding ReEncodeFont " <cm-super-t2b.enc <sfrm0600.pfb
lbrm0700 SFRM0700 " T2BEncoding ReEncodeFont " <cm-super-t2b.enc <sfrm0700.pfb
lbrm0800 SFRM0800 " T2BEncoding ReEncodeFont " <cm-super-t2b.enc <sfrm0800.pfb
lbrm0900 SFRM0900 " T2BEncoding ReEncodeFont " <cm-super-t2b.enc <sfrm0900.pfb
lbrm1095 SFRM1095 " T2BEncoding ReEncodeFont " <cm-super-t2b.enc <sfrm1095.pfb
lbrm1200 SFRM1200 " T2BEncoding ReEncodeFont " <cm-super-t2b.enc <sfrm1200.pfb
lbrm1440 SFRM1440 " T2BEncoding ReEncodeFont " <cm-super-t2b.enc <sfrm1440.pfb
lbrm1728 SFRM1728 " T2BEncoding ReEncodeFont " <cm-super-t2b.enc <sfrm1728.pfb
lbsc0500 SFSC0500 " T2BEncoding ReEncodeFont " <cm-super-t2b.enc <sfsc0500.pfb
lbsc0600 SFSC0600 " T2BEncoding ReEncodeFont " <cm-super-t2b.enc <sfsc0600.pfb
lbsc0700 SFSC0700 " T2BEncoding ReEncodeFont " <cm-super-t2b.enc <sfsc0700.pfb
lbsc0800 SFSC0800 " T2BEncoding ReEncodeFont " <cm-super-t2b.enc <sfsc0800.pfb
lbsc0900 SFSC0900 " T2BEncoding ReEncodeFont " <cm-super-t2b.enc <sfsc0900.pfb
lbsc1095 SFSC1095 " T2BEncoding ReEncodeFont " <cm-super-t2b.enc <sfsc1095.pfb
lbsc1200 SFSC1200 " T2BEncoding ReEncodeFont " <cm-super-t2b.enc <sfsc1200.pfb
lbsc1440 SFSC1440 " T2BEncoding ReEncodeFont " <cm-super-t2b.enc <sfsc1440.pfb
lbsc1728 SFSC1728 " T2BEncoding ReEncodeFont " <cm-super-t2b.enc <sfsc1728.pfb
lbsi0500 SFSI0500 " T2BEncoding ReEncodeFont " <cm-super-t2b.enc <sfsi0500.pfb
lbsi0600 SFSI0600 " T2BEncoding ReEncodeFont " <cm-super-t2b.enc <sfsi0600.pfb
lbsi0700 SFSI0700 " T2BEncoding ReEncodeFont " <cm-super-t2b.enc <sfsi0700.pfb
lbsi0800 SFSI0800 " T2BEncoding ReEncodeFont " <cm-super-t2b.enc <sfsi0800.pfb
lbsi0900 SFSI0900 " T2BEncoding ReEncodeFont " <cm-super-t2b.enc <sfsi0900.pfb
lbsi1095 SFSI1095 " T2BEncoding ReEncodeFont " <cm-super-t2b.enc <sfsi1095.pfb
lbsi1200 SFSI1200 " T2BEncoding ReEncodeFont " <cm-super-t2b.enc <sfsi1200.pfb
lbsi1440 SFSI1440 " T2BEncoding ReEncodeFont " <cm-super-t2b.enc <sfsi1440.pfb
lbsi1728 SFSI1728 " T2BEncoding ReEncodeFont " <cm-super-t2b.enc <sfsi1728.pfb
lbsl0500 SFSL0500 " T2BEncoding ReEncodeFont " <cm-super-t2b.enc <sfsl0500.pfb
lbsl0600 SFSL0600 " T2BEncoding ReEncodeFont " <cm-super-t2b.enc <sfsl0600.pfb
lbsl0700 SFSL0700 " T2BEncoding ReEncodeFont " <cm-super-t2b.enc <sfsl0700.pfb
lbsl0800 SFSL0800 " T2BEncoding ReEncodeFont " <cm-super-t2b.enc <sfsl0800.pfb
lbsl0900 SFSL0900 " T2BEncoding ReEncodeFont " <cm-super-t2b.enc <sfsl0900.pfb
lbsl1095 SFSL1095 " T2BEncoding ReEncodeFont " <cm-super-t2b.enc <sfsl1095.pfb
lbsl1200 SFSL1200 " T2BEncoding ReEncodeFont " <cm-super-t2b.enc <sfsl1200.pfb
lbsl1440 SFSL1440 " T2BEncoding ReEncodeFont " <cm-super-t2b.enc <sfsl1440.pfb
lbsl1728 SFSL1728 " T2BEncoding ReEncodeFont " <cm-super-t2b.enc <sfsl1728.pfb
lbss0500 SFSS0500 " T2BEncoding ReEncodeFont " <cm-super-t2b.enc <sfss0500.pfb
lbss0600 SFSS0600 " T2BEncoding ReEncodeFont " <cm-super-t2b.enc <sfss0600.pfb
lbss0700 SFSS0700 " T2BEncoding ReEncodeFont " <cm-super-t2b.enc <sfss0700.pfb
lbss0800 SFSS0800 " T2BEncoding ReEncodeFont " <cm-super-t2b.enc <sfss0800.pfb
lbss0900 SFSS0900 " T2BEncoding ReEncodeFont " <cm-super-t2b.enc <sfss0900.pfb
lbss1095 SFSS1095 " T2BEncoding ReEncodeFont " <cm-super-t2b.enc <sfss1095.pfb
lbss1200 SFSS1200 " T2BEncoding ReEncodeFont " <cm-super-t2b.enc <sfss1200.pfb
lbss1440 SFSS1440 " T2BEncoding ReEncodeFont " <cm-super-t2b.enc <sfss1440.pfb
lbss1728 SFSS1728 " T2BEncoding ReEncodeFont " <cm-super-t2b.enc <sfss1728.pfb
lbsx0500 SFSX0500 " T2BEncoding ReEncodeFont " <cm-super-t2b.enc <sfsx0500.pfb
lbsx0600 SFSX0600 " T2BEncoding ReEncodeFont " <cm-super-t2b.enc <sfsx0600.pfb
lbsx0700 SFSX0700 " T2BEncoding ReEncodeFont " <cm-super-t2b.enc <sfsx0700.pfb
lbsx0800 SFSX0800 " T2BEncoding ReEncodeFont " <cm-super-t2b.enc <sfsx0800.pfb
lbsx0900 SFSX0900 " T2BEncoding ReEncodeFont " <cm-super-t2b.enc <sfsx0900.pfb
lbsx1095 SFSX1095 " T2BEncoding ReEncodeFont " <cm-super-t2b.enc <sfsx1095.pfb
lbsx1200 SFSX1200 " T2BEncoding ReEncodeFont " <cm-super-t2b.enc <sfsx1200.pfb
lbsx1440 SFSX1440 " T2BEncoding ReEncodeFont " <cm-super-t2b.enc <sfsx1440.pfb
lbsx1728 SFSX1728 " T2BEncoding ReEncodeFont " <cm-super-t2b.enc <sfsx1728.pfb
lbtc0800 SFTC0800 " T2BEncoding ReEncodeFont " <cm-super-t2b.enc <sftc0800.pfb
lbtc0900 SFTC0900 " T2BEncoding ReEncodeFont " <cm-super-t2b.enc <sftc0900.pfb
lbtc1095 SFTC1095 " T2BEncoding ReEncodeFont " <cm-super-t2b.enc <sftc1095.pfb
lbtc1200 SFTC1200 " T2BEncoding ReEncodeFont " <cm-super-t2b.enc <sftc1200.pfb
lbtc1440 SFTC1440 " T2BEncoding ReEncodeFont " <cm-super-t2b.enc <sftc1440.pfb
lbtc1728 SFTC1728 " T2BEncoding ReEncodeFont " <cm-super-t2b.enc <sftc1728.pfb
lbti0500 SFTI0500 " T2BEncoding ReEncodeFont " <cm-super-t2b.enc <sfti0500.pfb
lbti0600 SFTI0600 " T2BEncoding ReEncodeFont " <cm-super-t2b.enc <sfti0600.pfb
lbti0700 SFTI0700 " T2BEncoding ReEncodeFont " <cm-super-t2b.enc <sfti0700.pfb
lbti0800 SFTI0800 " T2BEncoding ReEncodeFont " <cm-super-t2b.enc <sfti0800.pfb
lbti0900 SFTI0900 " T2BEncoding ReEncodeFont " <cm-super-t2b.enc <sfti0900.pfb
lbti1095 SFTI1095 " T2BEncoding ReEncodeFont " <cm-super-t2b.enc <sfti1095.pfb
lbti1200 SFTI1200 " T2BEncoding ReEncodeFont " <cm-super-t2b.enc <sfti1200.pfb
lbti1440 SFTI1440 " T2BEncoding ReEncodeFont " <cm-super-t2b.enc <sfti1440.pfb
lbti1728 SFTI1728 " T2BEncoding ReEncodeFont " <cm-super-t2b.enc <sfti1728.pfb
lbtt0800 SFTT0800 " T2BEncoding ReEncodeFont " <cm-super-t2b.enc <sftt0800.pfb
lbtt0900 SFTT0900 " T2BEncoding ReEncodeFont " <cm-super-t2b.enc <sftt0900.pfb
lbtt1095 SFTT1095 " T2BEncoding ReEncodeFont " <cm-super-t2b.enc <sftt1095.pfb
lbtt1200 SFTT1200 " T2BEncoding ReEncodeFont " <cm-super-t2b.enc <sftt1200.pfb
lbtt1440 SFTT1440 " T2BEncoding ReEncodeFont " <cm-super-t2b.enc <sftt1440.pfb
lbtt1728 SFTT1728 " T2BEncoding ReEncodeFont " <cm-super-t2b.enc <sftt1728.pfb
lcbi0500 SFBI0500 " T2CEncoding ReEncodeFont " <cm-super-t2c.enc <sfbi0500.pfb
lcbi0600 SFBI0600 " T2CEncoding ReEncodeFont " <cm-super-t2c.enc <sfbi0600.pfb
lcbi0700 SFBI0700 " T2CEncoding ReEncodeFont " <cm-super-t2c.enc <sfbi0700.pfb
lcbi0800 SFBI0800 " T2CEncoding ReEncodeFont " <cm-super-t2c.enc <sfbi0800.pfb
lcbi0900 SFBI0900 " T2CEncoding ReEncodeFont " <cm-super-t2c.enc <sfbi0900.pfb
lcbi1095 SFBI1095 " T2CEncoding ReEncodeFont " <cm-super-t2c.enc <sfbi1095.pfb
lcbi1200 SFBI1200 " T2CEncoding ReEncodeFont " <cm-super-t2c.enc <sfbi1200.pfb
lcbi1440 SFBI1440 " T2CEncoding ReEncodeFont " <cm-super-t2c.enc <sfbi1440.pfb
lcbi1728 SFBI1728 " T2CEncoding ReEncodeFont " <cm-super-t2c.enc <sfbi1728.pfb
lcbx0500 SFBX0500 " T2CEncoding ReEncodeFont " <cm-super-t2c.enc <sfbx0500.pfb
lcbx0600 SFBX0600 " T2CEncoding ReEncodeFont " <cm-super-t2c.enc <sfbx0600.pfb
lcbx0700 SFBX0700 " T2CEncoding ReEncodeFont " <cm-super-t2c.enc <sfbx0700.pfb
lcbx0800 SFBX0800 " T2CEncoding ReEncodeFont " <cm-super-t2c.enc <sfbx0800.pfb
lcbx0900 SFBX0900 " T2CEncoding ReEncodeFont " <cm-super-t2c.enc <sfbx0900.pfb
lcbx1095 SFBX1095 " T2CEncoding ReEncodeFont " <cm-super-t2c.enc <sfbx1095.pfb
lcbx1200 SFBX1200 " T2CEncoding ReEncodeFont " <cm-super-t2c.enc <sfbx1200.pfb
lcbx1440 SFBX1440 " T2CEncoding ReEncodeFont " <cm-super-t2c.enc <sfbx1440.pfb
lcbx1728 SFBX1728 " T2CEncoding ReEncodeFont " <cm-super-t2c.enc <sfbx1728.pfb
lccc0500 SFCC0500 " T2CEncoding ReEncodeFont " <cm-super-t2c.enc <sfcc0500.pfb
lccc0600 SFCC0600 " T2CEncoding ReEncodeFont " <cm-super-t2c.enc <sfcc0600.pfb
lccc0700 SFCC0700 " T2CEncoding ReEncodeFont " <cm-super-t2c.enc <sfcc0700.pfb
lccc0800 SFCC0800 " T2CEncoding ReEncodeFont " <cm-super-t2c.enc <sfcc0800.pfb
lccc0900 SFCC0900 " T2CEncoding ReEncodeFont " <cm-super-t2c.enc <sfcc0900.pfb
lccc1095 SFCC1095 " T2CEncoding ReEncodeFont " <cm-super-t2c.enc <sfcc1095.pfb
lccc1200 SFCC1200 " T2CEncoding ReEncodeFont " <cm-super-t2c.enc <sfcc1200.pfb
lccc1440 SFCC1440 " T2CEncoding ReEncodeFont " <cm-super-t2c.enc <sfcc1440.pfb
lccc1728 SFCC1728 " T2CEncoding ReEncodeFont " <cm-super-t2c.enc <sfcc1728.pfb
lcrm0500 SFRM0500 " T2CEncoding ReEncodeFont " <cm-super-t2c.enc <sfrm0500.pfb
lcrm0600 SFRM0600 " T2CEncoding ReEncodeFont " <cm-super-t2c.enc <sfrm0600.pfb
lcrm0700 SFRM0700 " T2CEncoding ReEncodeFont " <cm-super-t2c.enc <sfrm0700.pfb
lcrm0800 SFRM0800 " T2CEncoding ReEncodeFont " <cm-super-t2c.enc <sfrm0800.pfb
lcrm0900 SFRM0900 " T2CEncoding ReEncodeFont " <cm-super-t2c.enc <sfrm0900.pfb
lcrm1095 SFRM1095 " T2CEncoding ReEncodeFont " <cm-super-t2c.enc <sfrm1095.pfb
lcrm1200 SFRM1200 " T2CEncoding ReEncodeFont " <cm-super-t2c.enc <sfrm1200.pfb
lcrm1440 SFRM1440 " T2CEncoding ReEncodeFont " <cm-super-t2c.enc <sfrm1440.pfb
lcrm1728 SFRM1728 " T2CEncoding ReEncodeFont " <cm-super-t2c.enc <sfrm1728.pfb
lcsc0500 SFSC0500 " T2CEncoding ReEncodeFont " <cm-super-t2c.enc <sfsc0500.pfb
lcsc0600 SFSC0600 " T2CEncoding ReEncodeFont " <cm-super-t2c.enc <sfsc0600.pfb
lcsc0700 SFSC0700 " T2CEncoding ReEncodeFont " <cm-super-t2c.enc <sfsc0700.pfb
lcsc0800 SFSC0800 " T2CEncoding ReEncodeFont " <cm-super-t2c.enc <sfsc0800.pfb
lcsc0900 SFSC0900 " T2CEncoding ReEncodeFont " <cm-super-t2c.enc <sfsc0900.pfb
lcsc1095 SFSC1095 " T2CEncoding ReEncodeFont " <cm-super-t2c.enc <sfsc1095.pfb
lcsc1200 SFSC1200 " T2CEncoding ReEncodeFont " <cm-super-t2c.enc <sfsc1200.pfb
lcsc1440 SFSC1440 " T2CEncoding ReEncodeFont " <cm-super-t2c.enc <sfsc1440.pfb
lcsc1728 SFSC1728 " T2CEncoding ReEncodeFont " <cm-super-t2c.enc <sfsc1728.pfb
lcsi0500 SFSI0500 " T2CEncoding ReEncodeFont " <cm-super-t2c.enc <sfsi0500.pfb
lcsi0600 SFSI0600 " T2CEncoding ReEncodeFont " <cm-super-t2c.enc <sfsi0600.pfb
lcsi0700 SFSI0700 " T2CEncoding ReEncodeFont " <cm-super-t2c.enc <sfsi0700.pfb
lcsi0800 SFSI0800 " T2CEncoding ReEncodeFont " <cm-super-t2c.enc <sfsi0800.pfb
lcsi0900 SFSI0900 " T2CEncoding ReEncodeFont " <cm-super-t2c.enc <sfsi0900.pfb
lcsi1095 SFSI1095 " T2CEncoding ReEncodeFont " <cm-super-t2c.enc <sfsi1095.pfb
lcsi1200 SFSI1200 " T2CEncoding ReEncodeFont " <cm-super-t2c.enc <sfsi1200.pfb
lcsi1440 SFSI1440 " T2CEncoding ReEncodeFont " <cm-super-t2c.enc <sfsi1440.pfb
lcsi1728 SFSI1728 " T2CEncoding ReEncodeFont " <cm-super-t2c.enc <sfsi1728.pfb
lcsl0500 SFSL0500 " T2CEncoding ReEncodeFont " <cm-super-t2c.enc <sfsl0500.pfb
lcsl0600 SFSL0600 " T2CEncoding ReEncodeFont " <cm-super-t2c.enc <sfsl0600.pfb
lcsl0700 SFSL0700 " T2CEncoding ReEncodeFont " <cm-super-t2c.enc <sfsl0700.pfb
lcsl0800 SFSL0800 " T2CEncoding ReEncodeFont " <cm-super-t2c.enc <sfsl0800.pfb
lcsl0900 SFSL0900 " T2CEncoding ReEncodeFont " <cm-super-t2c.enc <sfsl0900.pfb
lcsl1095 SFSL1095 " T2CEncoding ReEncodeFont " <cm-super-t2c.enc <sfsl1095.pfb
lcsl1200 SFSL1200 " T2CEncoding ReEncodeFont " <cm-super-t2c.enc <sfsl1200.pfb
lcsl1440 SFSL1440 " T2CEncoding ReEncodeFont " <cm-super-t2c.enc <sfsl1440.pfb
lcsl1728 SFSL1728 " T2CEncoding ReEncodeFont " <cm-super-t2c.enc <sfsl1728.pfb
lcss0500 SFSS0500 " T2CEncoding ReEncodeFont " <cm-super-t2c.enc <sfss0500.pfb
lcss0600 SFSS0600 " T2CEncoding ReEncodeFont " <cm-super-t2c.enc <sfss0600.pfb
lcss0700 SFSS0700 " T2CEncoding ReEncodeFont " <cm-super-t2c.enc <sfss0700.pfb
lcss0800 SFSS0800 " T2CEncoding ReEncodeFont " <cm-super-t2c.enc <sfss0800.pfb
lcss0900 SFSS0900 " T2CEncoding ReEncodeFont " <cm-super-t2c.enc <sfss0900.pfb
lcss1095 SFSS1095 " T2CEncoding ReEncodeFont " <cm-super-t2c.enc <sfss1095.pfb
lcss1200 SFSS1200 " T2CEncoding ReEncodeFont " <cm-super-t2c.enc <sfss1200.pfb
lcss1440 SFSS1440 " T2CEncoding ReEncodeFont " <cm-super-t2c.enc <sfss1440.pfb
lcss1728 SFSS1728 " T2CEncoding ReEncodeFont " <cm-super-t2c.enc <sfss1728.pfb
lcsx0500 SFSX0500 " T2CEncoding ReEncodeFont " <cm-super-t2c.enc <sfsx0500.pfb
lcsx0600 SFSX0600 " T2CEncoding ReEncodeFont " <cm-super-t2c.enc <sfsx0600.pfb
lcsx0700 SFSX0700 " T2CEncoding ReEncodeFont " <cm-super-t2c.enc <sfsx0700.pfb
lcsx0800 SFSX0800 " T2CEncoding ReEncodeFont " <cm-super-t2c.enc <sfsx0800.pfb
lcsx0900 SFSX0900 " T2CEncoding ReEncodeFont " <cm-super-t2c.enc <sfsx0900.pfb
lcsx1095 SFSX1095 " T2CEncoding ReEncodeFont " <cm-super-t2c.enc <sfsx1095.pfb
lcsx1200 SFSX1200 " T2CEncoding ReEncodeFont " <cm-super-t2c.enc <sfsx1200.pfb
lcsx1440 SFSX1440 " T2CEncoding ReEncodeFont " <cm-super-t2c.enc <sfsx1440.pfb
lcsx1728 SFSX1728 " T2CEncoding ReEncodeFont " <cm-super-t2c.enc <sfsx1728.pfb
lctc0800 SFTC0800 " T2CEncoding ReEncodeFont " <cm-super-t2c.enc <sftc0800.pfb
lctc0900 SFTC0900 " T2CEncoding ReEncodeFont " <cm-super-t2c.enc <sftc0900.pfb
lctc1095 SFTC1095 " T2CEncoding ReEncodeFont " <cm-super-t2c.enc <sftc1095.pfb
lctc1200 SFTC1200 " T2CEncoding ReEncodeFont " <cm-super-t2c.enc <sftc1200.pfb
lctc1440 SFTC1440 " T2CEncoding ReEncodeFont " <cm-super-t2c.enc <sftc1440.pfb
lctc1728 SFTC1728 " T2CEncoding ReEncodeFont " <cm-super-t2c.enc <sftc1728.pfb
lcti0500 SFTI0500 " T2CEncoding ReEncodeFont " <cm-super-t2c.enc <sfti0500.pfb
lcti0600 SFTI0600 " T2CEncoding ReEncodeFont " <cm-super-t2c.enc <sfti0600.pfb
lcti0700 SFTI0700 " T2CEncoding ReEncodeFont " <cm-super-t2c.enc <sfti0700.pfb
lcti0800 SFTI0800 " T2CEncoding ReEncodeFont " <cm-super-t2c.enc <sfti0800.pfb
lcti0900 SFTI0900 " T2CEncoding ReEncodeFont " <cm-super-t2c.enc <sfti0900.pfb
lcti1095 SFTI1095 " T2CEncoding ReEncodeFont " <cm-super-t2c.enc <sfti1095.pfb
lcti1200 SFTI1200 " T2CEncoding ReEncodeFont " <cm-super-t2c.enc <sfti1200.pfb
lcti1440 SFTI1440 " T2CEncoding ReEncodeFont " <cm-super-t2c.enc <sfti1440.pfb
lcti1728 SFTI1728 " T2CEncoding ReEncodeFont " <cm-super-t2c.enc <sfti1728.pfb
lctt0800 SFTT0800 " T2CEncoding ReEncodeFont " <cm-super-t2c.enc <sftt0800.pfb
lctt0900 SFTT0900 " T2CEncoding ReEncodeFont " <cm-super-t2c.enc <sftt0900.pfb
lctt1095 SFTT1095 " T2CEncoding ReEncodeFont " <cm-super-t2c.enc <sftt1095.pfb
lctt1200 SFTT1200 " T2CEncoding ReEncodeFont " <cm-super-t2c.enc <sftt1200.pfb
lctt1440 SFTT1440 " T2CEncoding ReEncodeFont " <cm-super-t2c.enc <sftt1440.pfb
lctt1728 SFTT1728 " T2CEncoding ReEncodeFont " <cm-super-t2c.enc <sftt1728.pfb
tcbi0500 SFBI0500 " TS1Encoding ReEncodeFont " <cm-super-ts1.enc <sfbi0500.pfb
tcbi0600 SFBI0600 " TS1Encoding ReEncodeFont " <cm-super-ts1.enc <sfbi0600.pfb
tcbi0700 SFBI0700 " TS1Encoding ReEncodeFont " <cm-super-ts1.enc <sfbi0700.pfb
tcbi0800 SFBI0800 " TS1Encoding ReEncodeFont " <cm-super-ts1.enc <sfbi0800.pfb
tcbi0900 SFBI0900 " TS1Encoding ReEncodeFont " <cm-super-ts1.enc <sfbi0900.pfb
tcbi1095 SFBI1095 " TS1Encoding ReEncodeFont " <cm-super-ts1.enc <sfbi1095.pfb
tcbi1200 SFBI1200 " TS1Encoding ReEncodeFont " <cm-super-ts1.enc <sfbi1200.pfb
tcbi1440 SFBI1440 " TS1Encoding ReEncodeFont " <cm-super-ts1.enc <sfbi1440.pfb
tcbi1728 SFBI1728 " TS1Encoding ReEncodeFont " <cm-super-ts1.enc <sfbi1728.pfb
tcbx0500 SFBX0500 " TS1Encoding ReEncodeFont " <cm-super-ts1.enc <sfbx0500.pfb
tcbx0600 SFBX0600 " TS1Encoding ReEncodeFont " <cm-super-ts1.enc <sfbx0600.pfb
tcbx0700 SFBX0700 " TS1Encoding ReEncodeFont " <cm-super-ts1.enc <sfbx0700.pfb
tcbx0800 SFBX0800 " TS1Encoding ReEncodeFont " <cm-super-ts1.enc <sfbx0800.pfb
tcbx0900 SFBX0900 " TS1Encoding ReEncodeFont " <cm-super-ts1.enc <sfbx0900.pfb
tcbx1095 SFBX1095 " TS1Encoding ReEncodeFont " <cm-super-ts1.enc <sfbx1095.pfb
tcbx1200 SFBX1200 " TS1Encoding ReEncodeFont " <cm-super-ts1.enc <sfbx1200.pfb
tcbx1440 SFBX1440 " TS1Encoding ReEncodeFont " <cm-super-ts1.enc <sfbx1440.pfb
tcbx1728 SFBX1728 " TS1Encoding ReEncodeFont " <cm-super-ts1.enc <sfbx1728.pfb
tcrm0500 SFRM0500 " TS1Encoding ReEncodeFont " <cm-super-ts1.enc <sfrm0500.pfb
tcrm0600 SFRM0600 " TS1Encoding ReEncodeFont " <cm-super-ts1.enc <sfrm0600.pfb
tcrm0700 SFRM0700 " TS1Encoding ReEncodeFont " <cm-super-ts1.enc <sfrm0700.pfb
tcrm0800 SFRM0800 " TS1Encoding ReEncodeFont " <cm-super-ts1.enc <sfrm0800.pfb
tcrm0900 SFRM0900 " TS1Encoding ReEncodeFont " <cm-super-ts1.enc <sfrm0900.pfb
tcrm1095 SFRM1095 " TS1Encoding ReEncodeFont " <cm-super-ts1.enc <sfrm1095.pfb
tcrm1200 SFRM1200 " TS1Encoding ReEncodeFont " <cm-super-ts1.enc <sfrm1200.pfb
tcrm1440 SFRM1440 " TS1Encoding ReEncodeFont " <cm-super-ts1.enc <sfrm1440.pfb
tcrm1728 SFRM1728 " TS1Encoding ReEncodeFont " <cm-super-ts1.enc <sfrm1728.pfb
tcsi0500 SFSI0500 " TS1Encoding ReEncodeFont " <cm-super-ts1.enc <sfsi0500.pfb
tcsi0600 SFSI0600 " TS1Encoding ReEncodeFont " <cm-super-ts1.enc <sfsi0600.pfb
tcsi0700 SFSI0700 " TS1Encoding ReEncodeFont " <cm-super-ts1.enc <sfsi0700.pfb
tcsi0800 SFSI0800 " TS1Encoding ReEncodeFont " <cm-super-ts1.enc <sfsi0800.pfb
tcsi0900 SFSI0900 " TS1Encoding ReEncodeFont " <cm-super-ts1.enc <sfsi0900.pfb
tcsi1095 SFSI1095 " TS1Encoding ReEncodeFont " <cm-super-ts1.enc <sfsi1095.pfb
tcsi1200 SFSI1200 " TS1Encoding ReEncodeFont " <cm-super-ts1.enc <sfsi1200.pfb
tcsi1440 SFSI1440 " TS1Encoding ReEncodeFont " <cm-super-ts1.enc <sfsi1440.pfb
tcsi1728 SFSI1728 " TS1Encoding ReEncodeFont " <cm-super-ts1.enc <sfsi1728.pfb
tcsl0500 SFSL0500 " TS1Encoding ReEncodeFont " <cm-super-ts1.enc <sfsl0500.pfb
tcsl0600 SFSL0600 " TS1Encoding ReEncodeFont " <cm-super-ts1.enc <sfsl0600.pfb
tcsl0700 SFSL0700 " TS1Encoding ReEncodeFont " <cm-super-ts1.enc <sfsl0700.pfb
tcsl0800 SFSL0800 " TS1Encoding ReEncodeFont " <cm-super-ts1.enc <sfsl0800.pfb
tcsl0900 SFSL0900 " TS1Encoding ReEncodeFont " <cm-super-ts1.enc <sfsl0900.pfb
tcsl1095 SFSL1095 " TS1Encoding ReEncodeFont " <cm-super-ts1.enc <sfsl1095.pfb
tcsl1200 SFSL1200 " TS1Encoding ReEncodeFont " <cm-super-ts1.enc <sfsl1200.pfb
tcsl1440 SFSL1440 " TS1Encoding ReEncodeFont " <cm-super-ts1.enc <sfsl1440.pfb
tcsl1728 SFSL1728 " TS1Encoding ReEncodeFont " <cm-super-ts1.enc <sfsl1728.pfb
tcss0500 SFSS0500 " TS1Encoding ReEncodeFont " <cm-super-ts1.enc <sfss0500.pfb
tcss0600 SFSS0600 " TS1Encoding ReEncodeFont " <cm-super-ts1.enc <sfss0600.pfb
tcss0700 SFSS0700 " TS1Encoding ReEncodeFont " <cm-super-ts1.enc <sfss0700.pfb
tcss0800 SFSS0800 " TS1Encoding ReEncodeFont " <cm-super-ts1.enc <sfss0800.pfb
tcss0900 SFSS0900 " TS1Encoding ReEncodeFont " <cm-super-ts1.enc <sfss0900.pfb
tcss1095 SFSS1095 " TS1Encoding ReEncodeFont " <cm-super-ts1.enc <sfss1095.pfb
tcss1200 SFSS1200 " TS1Encoding ReEncodeFont " <cm-super-ts1.enc <sfss1200.pfb
tcss1440 SFSS1440 " TS1Encoding ReEncodeFont " <cm-super-ts1.enc <sfss1440.pfb
tcss1728 SFSS1728 " TS1Encoding ReEncodeFont " <cm-super-ts1.enc <sfss1728.pfb
tcsx0500 SFSX0500 " TS1Encoding ReEncodeFont " <cm-super-ts1.enc <sfsx0500.pfb
tcsx0600 SFSX0600 " TS1Encoding ReEncodeFont " <cm-super-ts1.enc <sfsx0600.pfb
tcsx0700 SFSX0700 " TS1Encoding ReEncodeFont " <cm-super-ts1.enc <sfsx0700.pfb
tcsx0800 SFSX0800 " TS1Encoding ReEncodeFont " <cm-super-ts1.enc <sfsx0800.pfb
tcsx0900 SFSX0900 " TS1Encoding ReEncodeFont " <cm-super-ts1.enc <sfsx0900.pfb
tcsx1095 SFSX1095 " TS1Encoding ReEncodeFont " <cm-super-ts1.enc <sfsx1095.pfb
tcsx1200 SFSX1200 " TS1Encoding ReEncodeFont " <cm-super-ts1.enc <sfsx1200.pfb
tcsx1440 SFSX1440 " TS1Encoding ReEncodeFont " <cm-super-ts1.enc <sfsx1440.pfb
tcsx1728 SFSX1728 " TS1Encoding ReEncodeFont " <cm-super-ts1.enc <sfsx1728.pfb
tcti0500 SFTI0500 " TS1Encoding ReEncodeFont " <cm-super-ts1.enc <sfti0500.pfb
tcti0600 SFTI0600 " TS1Encoding ReEncodeFont " <cm-super-ts1.enc <sfti0600.pfb
tcti0700 SFTI0700 " TS1Encoding ReEncodeFont " <cm-super-ts1.enc <sfti0700.pfb
tcti0800 SFTI0800 " TS1Encoding ReEncodeFont " <cm-super-ts1.enc <sfti0800.pfb
tcti0900 SFTI0900 " TS1Encoding ReEncodeFont " <cm-super-ts1.enc <sfti0900.pfb
tcti1095 SFTI1095 " TS1Encoding ReEncodeFont " <cm-super-ts1.enc <sfti1095.pfb
tcti1200 SFTI1200 " TS1Encoding ReEncodeFont " <cm-super-ts1.enc <sfti1200.pfb
tcti1440 SFTI1440 " TS1Encoding ReEncodeFont " <cm-super-ts1.enc <sfti1440.pfb
tcti1728 SFTI1728 " TS1Encoding ReEncodeFont " <cm-super-ts1.enc <sfti1728.pfb
tctt0800 SFTT0800 " TS1Encoding ReEncodeFont " <cm-super-ts1.enc <sftt0800.pfb
tctt0900 SFTT0900 " TS1Encoding ReEncodeFont " <cm-super-ts1.enc <sftt0900.pfb
tctt1095 SFTT1095 " TS1Encoding ReEncodeFont " <cm-super-ts1.enc <sftt1095.pfb
tctt1200 SFTT1200 " TS1Encoding ReEncodeFont " <cm-super-ts1.enc <sftt1200.pfb
tctt1440 SFTT1440 " TS1Encoding ReEncodeFont " <cm-super-ts1.enc <sftt1440.pfb
tctt1728 SFTT1728 " TS1Encoding ReEncodeFont " <cm-super-ts1.enc <sftt1728.pfb
rxbi0500 SFBI0500 " X2Encoding ReEncodeFont " <cm-super-x2.enc <sfbi0500.pfb
rxbi0600 SFBI0600 " X2Encoding ReEncodeFont " <cm-super-x2.enc <sfbi0600.pfb
rxbi0700 SFBI0700 " X2Encoding ReEncodeFont " <cm-super-x2.enc <sfbi0700.pfb
rxbi0800 SFBI0800 " X2Encoding ReEncodeFont " <cm-super-x2.enc <sfbi0800.pfb
rxbi0900 SFBI0900 " X2Encoding ReEncodeFont " <cm-super-x2.enc <sfbi0900.pfb
rxbi1095 SFBI1095 " X2Encoding ReEncodeFont " <cm-super-x2.enc <sfbi1095.pfb
rxbi1200 SFBI1200 " X2Encoding ReEncodeFont " <cm-super-x2.enc <sfbi1200.pfb
rxbi1440 SFBI1440 " X2Encoding ReEncodeFont " <cm-super-x2.enc <sfbi1440.pfb
rxbi1728 SFBI1728 " X2Encoding ReEncodeFont " <cm-super-x2.enc <sfbi1728.pfb
rxbx0500 SFBX0500 " X2Encoding ReEncodeFont " <cm-super-x2.enc <sfbx0500.pfb
rxbx0600 SFBX0600 " X2Encoding ReEncodeFont " <cm-super-x2.enc <sfbx0600.pfb
rxbx0700 SFBX0700 " X2Encoding ReEncodeFont " <cm-super-x2.enc <sfbx0700.pfb
rxbx0800 SFBX0800 " X2Encoding ReEncodeFont " <cm-super-x2.enc <sfbx0800.pfb
rxbx0900 SFBX0900 " X2Encoding ReEncodeFont " <cm-super-x2.enc <sfbx0900.pfb
rxbx1095 SFBX1095 " X2Encoding ReEncodeFont " <cm-super-x2.enc <sfbx1095.pfb
rxbx1200 SFBX1200 " X2Encoding ReEncodeFont " <cm-super-x2.enc <sfbx1200.pfb
rxbx1440 SFBX1440 " X2Encoding ReEncodeFont " <cm-super-x2.enc <sfbx1440.pfb
rxbx1728 SFBX1728 " X2Encoding ReEncodeFont " <cm-super-x2.enc <sfbx1728.pfb
rxcc0500 SFCC0500 " X2Encoding ReEncodeFont " <cm-super-x2.enc <sfcc0500.pfb
rxcc0600 SFCC0600 " X2Encoding ReEncodeFont " <cm-super-x2.enc <sfcc0600.pfb
rxcc0700 SFCC0700 " X2Encoding ReEncodeFont " <cm-super-x2.enc <sfcc0700.pfb
rxcc0800 SFCC0800 " X2Encoding ReEncodeFont " <cm-super-x2.enc <sfcc0800.pfb
rxcc0900 SFCC0900 " X2Encoding ReEncodeFont " <cm-super-x2.enc <sfcc0900.pfb
rxcc1095 SFCC1095 " X2Encoding ReEncodeFont " <cm-super-x2.enc <sfcc1095.pfb
rxcc1200 SFCC1200 " X2Encoding ReEncodeFont " <cm-super-x2.enc <sfcc1200.pfb
rxcc1440 SFCC1440 " X2Encoding ReEncodeFont " <cm-super-x2.enc <sfcc1440.pfb
rxcc1728 SFCC1728 " X2Encoding ReEncodeFont " <cm-super-x2.enc <sfcc1728.pfb
rxrm0500 SFRM0500 " X2Encoding ReEncodeFont " <cm-super-x2.enc <sfrm0500.pfb
rxrm0600 SFRM0600 " X2Encoding ReEncodeFont " <cm-super-x2.enc <sfrm0600.pfb
rxrm0700 SFRM0700 " X2Encoding ReEncodeFont " <cm-super-x2.enc <sfrm0700.pfb
rxrm0800 SFRM0800 " X2Encoding ReEncodeFont " <cm-super-x2.enc <sfrm0800.pfb
rxrm0900 SFRM0900 " X2Encoding ReEncodeFont " <cm-super-x2.enc <sfrm0900.pfb
rxrm1095 SFRM1095 " X2Encoding ReEncodeFont " <cm-super-x2.enc <sfrm1095.pfb
rxrm1200 SFRM1200 " X2Encoding ReEncodeFont " <cm-super-x2.enc <sfrm1200.pfb
rxrm1440 SFRM1440 " X2Encoding ReEncodeFont " <cm-super-x2.enc <sfrm1440.pfb
rxrm1728 SFRM1728 " X2Encoding ReEncodeFont " <cm-super-x2.enc <sfrm1728.pfb
rxsc0500 SFSC0500 " X2Encoding ReEncodeFont " <cm-super-x2.enc <sfsc0500.pfb
rxsc0600 SFSC0600 " X2Encoding ReEncodeFont " <cm-super-x2.enc <sfsc0600.pfb
rxsc0700 SFSC0700 " X2Encoding ReEncodeFont " <cm-super-x2.enc <sfsc0700.pfb
rxsc0800 SFSC0800 " X2Encoding ReEncodeFont " <cm-super-x2.enc <sfsc0800.pfb
rxsc0900 SFSC0900 " X2Encoding ReEncodeFont " <cm-super-x2.enc <sfsc0900.pfb
rxsc1095 SFSC1095 " X2Encoding ReEncodeFont " <cm-super-x2.enc <sfsc1095.pfb
rxsc1200 SFSC1200 " X2Encoding ReEncodeFont " <cm-super-x2.enc <sfsc1200.pfb
rxsc1440 SFSC1440 " X2Encoding ReEncodeFont " <cm-super-x2.enc <sfsc1440.pfb
rxsc1728 SFSC1728 " X2Encoding ReEncodeFont " <cm-super-x2.enc <sfsc1728.pfb
rxsi0500 SFSI0500 " X2Encoding ReEncodeFont " <cm-super-x2.enc <sfsi0500.pfb
rxsi0600 SFSI0600 " X2Encoding ReEncodeFont " <cm-super-x2.enc <sfsi0600.pfb
rxsi0700 SFSI0700 " X2Encoding ReEncodeFont " <cm-super-x2.enc <sfsi0700.pfb
rxsi0800 SFSI0800 " X2Encoding ReEncodeFont " <cm-super-x2.enc <sfsi0800.pfb
rxsi0900 SFSI0900 " X2Encoding ReEncodeFont " <cm-super-x2.enc <sfsi0900.pfb
rxsi1095 SFSI1095 " X2Encoding ReEncodeFont " <cm-super-x2.enc <sfsi1095.pfb
rxsi1200 SFSI1200 " X2Encoding ReEncodeFont " <cm-super-x2.enc <sfsi1200.pfb
rxsi1440 SFSI1440 " X2Encoding ReEncodeFont " <cm-super-x2.enc <sfsi1440.pfb
rxsi1728 SFSI1728 " X2Encoding ReEncodeFont " <cm-super-x2.enc <sfsi1728.pfb
rxsl0500 SFSL0500 " X2Encoding ReEncodeFont " <cm-super-x2.enc <sfsl0500.pfb
rxsl0600 SFSL0600 " X2Encoding ReEncodeFont " <cm-super-x2.enc <sfsl0600.pfb
rxsl0700 SFSL0700 " X2Encoding ReEncodeFont " <cm-super-x2.enc <sfsl0700.pfb
rxsl0800 SFSL0800 " X2Encoding ReEncodeFont " <cm-super-x2.enc <sfsl0800.pfb
rxsl0900 SFSL0900 " X2Encoding ReEncodeFont " <cm-super-x2.enc <sfsl0900.pfb
rxsl1095 SFSL1095 " X2Encoding ReEncodeFont " <cm-super-x2.enc <sfsl1095.pfb
rxsl1200 SFSL1200 " X2Encoding ReEncodeFont " <cm-super-x2.enc <sfsl1200.pfb
rxsl1440 SFSL1440 " X2Encoding ReEncodeFont " <cm-super-x2.enc <sfsl1440.pfb
rxsl1728 SFSL1728 " X2Encoding ReEncodeFont " <cm-super-x2.enc <sfsl1728.pfb
rxss0500 SFSS0500 " X2Encoding ReEncodeFont " <cm-super-x2.enc <sfss0500.pfb
rxss0600 SFSS0600 " X2Encoding ReEncodeFont " <cm-super-x2.enc <sfss0600.pfb
rxss0700 SFSS0700 " X2Encoding ReEncodeFont " <cm-super-x2.enc <sfss0700.pfb
rxss0800 SFSS0800 " X2Encoding ReEncodeFont " <cm-super-x2.enc <sfss0800.pfb
rxss0900 SFSS0900 " X2Encoding ReEncodeFont " <cm-super-x2.enc <sfss0900.pfb
rxss1095 SFSS1095 " X2Encoding ReEncodeFont " <cm-super-x2.enc <sfss1095.pfb
rxss1200 SFSS1200 " X2Encoding ReEncodeFont " <cm-super-x2.enc <sfss1200.pfb
rxss1440 SFSS1440 " X2Encoding ReEncodeFont " <cm-super-x2.enc <sfss1440.pfb
rxss1728 SFSS1728 " X2Encoding ReEncodeFont " <cm-super-x2.enc <sfss1728.pfb
rxsx0500 SFSX0500 " X2Encoding ReEncodeFont " <cm-super-x2.enc <sfsx0500.pfb
rxsx0600 SFSX0600 " X2Encoding ReEncodeFont " <cm-super-x2.enc <sfsx0600.pfb
rxsx0700 SFSX0700 " X2Encoding ReEncodeFont " <cm-super-x2.enc <sfsx0700.pfb
rxsx0800 SFSX0800 " X2Encoding ReEncodeFont " <cm-super-x2.enc <sfsx0800.pfb
rxsx0900 SFSX0900 " X2Encoding ReEncodeFont " <cm-super-x2.enc <sfsx0900.pfb
rxsx1095 SFSX1095 " X2Encoding ReEncodeFont " <cm-super-x2.enc <sfsx1095.pfb
rxsx1200 SFSX1200 " X2Encoding ReEncodeFont " <cm-super-x2.enc <sfsx1200.pfb
rxsx1440 SFSX1440 " X2Encoding ReEncodeFont " <cm-super-x2.enc <sfsx1440.pfb
rxsx1728 SFSX1728 " X2Encoding ReEncodeFont " <cm-super-x2.enc <sfsx1728.pfb
rxtc0800 SFTC0800 " X2Encoding ReEncodeFont " <cm-super-x2.enc <sftc0800.pfb
rxtc0900 SFTC0900 " X2Encoding ReEncodeFont " <cm-super-x2.enc <sftc0900.pfb
rxtc1095 SFTC1095 " X2Encoding ReEncodeFont " <cm-super-x2.enc <sftc1095.pfb
rxtc1200 SFTC1200 " X2Encoding ReEncodeFont " <cm-super-x2.enc <sftc1200.pfb
rxtc1440 SFTC1440 " X2Encoding ReEncodeFont " <cm-super-x2.enc <sftc1440.pfb
rxtc1728 SFTC1728 " X2Encoding ReEncodeFont " <cm-super-x2.enc <sftc1728.pfb
rxti0500 SFTI0500 " X2Encoding ReEncodeFont " <cm-super-x2.enc <sfti0500.pfb
rxti0600 SFTI0600 " X2Encoding ReEncodeFont " <cm-super-x2.enc <sfti0600.pfb
rxti0700 SFTI0700 " X2Encoding ReEncodeFont " <cm-super-x2.enc <sfti0700.pfb
rxti0800 SFTI0800 " X2Encoding ReEncodeFont " <cm-super-x2.enc <sfti0800.pfb
rxti0900 SFTI0900 " X2Encoding ReEncodeFont " <cm-super-x2.enc <sfti0900.pfb
rxti1095 SFTI1095 " X2Encoding ReEncodeFont " <cm-super-x2.enc <sfti1095.pfb
rxti1200 SFTI1200 " X2Encoding ReEncodeFont " <cm-super-x2.enc <sfti1200.pfb
rxti1440 SFTI1440 " X2Encoding ReEncodeFont " <cm-super-x2.enc <sfti1440.pfb
rxti1728 SFTI1728 " X2Encoding ReEncodeFont " <cm-super-x2.enc <sfti1728.pfb
rxtt0800 SFTT0800 " X2Encoding ReEncodeFont " <cm-super-x2.enc <sftt0800.pfb
rxtt0900 SFTT0900 " X2Encoding ReEncodeFont " <cm-super-x2.enc <sftt0900.pfb
rxtt1095 SFTT1095 " X2Encoding ReEncodeFont " <cm-super-x2.enc <sftt1095.pfb
rxtt1200 SFTT1200 " X2Encoding ReEncodeFont " <cm-super-x2.enc <sftt1200.pfb
rxtt1440 SFTT1440 " X2Encoding ReEncodeFont " <cm-super-x2.enc <sftt1440.pfb
rxtt1728 SFTT1728 " X2Encoding ReEncodeFont " <cm-super-x2.enc <sftt1728.pfb
ecbi1000 SFBI1000 " T1Encoding ReEncodeFont " <cm-super-t1.enc <sfbi1000.pfb
ecbx1000 SFBX1000 " T1Encoding ReEncodeFont " <cm-super-t1.enc <sfbx1000.pfb
eccc1000 SFCC1000 " T1Encoding ReEncodeFont " <cm-super-t1.enc <sfcc1000.pfb
ecrm1000 SFRM1000 " T1Encoding ReEncodeFont " <cm-super-t1.enc <sfrm1000.pfb
ecsc1000 SFSC1000 " T1Encoding ReEncodeFont " <cm-super-t1.enc <sfsc1000.pfb
ecsi1000 SFSI1000 " T1Encoding ReEncodeFont " <cm-super-t1.enc <sfsi1000.pfb
ecsl1000 SFSL1000 " T1Encoding ReEncodeFont " <cm-super-t1.enc <sfsl1000.pfb
ecss1000 SFSS1000 " T1Encoding ReEncodeFont " <cm-super-t1.enc <sfss1000.pfb
ecsx1000 SFSX1000 " T1Encoding ReEncodeFont " <cm-super-t1.enc <sfsx1000.pfb
ectc1000 SFTC1000 " T1Encoding ReEncodeFont " <cm-super-t1.enc <sftc1000.pfb
ecti1000 SFTI1000 " T1Encoding ReEncodeFont " <cm-super-t1.enc <sfti1000.pfb
ectt1000 SFTT1000 " T1Encoding ReEncodeFont " <cm-super-t1.enc <sftt1000.pfb
labi1000 SFBI1000 " T2AEncoding ReEncodeFont " <cm-super-t2a.enc <sfbi1000.pfb
labx1000 SFBX1000 " T2AEncoding ReEncodeFont " <cm-super-t2a.enc <sfbx1000.pfb
lacc1000 SFCC1000 " T2AEncoding ReEncodeFont " <cm-super-t2a.enc <sfcc1000.pfb
larm1000 SFRM1000 " T2AEncoding ReEncodeFont " <cm-super-t2a.enc <sfrm1000.pfb
lasc1000 SFSC1000 " T2AEncoding ReEncodeFont " <cm-super-t2a.enc <sfsc1000.pfb
lasi1000 SFSI1000 " T2AEncoding ReEncodeFont " <cm-super-t2a.enc <sfsi1000.pfb
lasl1000 SFSL1000 " T2AEncoding ReEncodeFont " <cm-super-t2a.enc <sfsl1000.pfb
lass1000 SFSS1000 " T2AEncoding ReEncodeFont " <cm-super-t2a.enc <sfss1000.pfb
lasx1000 SFSX1000 " T2AEncoding ReEncodeFont " <cm-super-t2a.enc <sfsx1000.pfb
latc1000 SFTC1000 " T2AEncoding ReEncodeFont " <cm-super-t2a.enc <sftc1000.pfb
lati1000 SFTI1000 " T2AEncoding ReEncodeFont " <cm-super-t2a.enc <sfti1000.pfb
latt1000 SFTT1000 " T2AEncoding ReEncodeFont " <cm-super-t2a.enc <sftt1000.pfb
lbbi1000 SFBI1000 " T2BEncoding ReEncodeFont " <cm-super-t2b.enc <sfbi1000.pfb
lbbx1000 SFBX1000 " T2BEncoding ReEncodeFont " <cm-super-t2b.enc <sfbx1000.pfb
lbcc1000 SFCC1000 " T2BEncoding ReEncodeFont " <cm-super-t2b.enc <sfcc1000.pfb
lbrm1000 SFRM1000 " T2BEncoding ReEncodeFont " <cm-super-t2b.enc <sfrm1000.pfb
lbsc1000 SFSC1000 " T2BEncoding ReEncodeFont " <cm-super-t2b.enc <sfsc1000.pfb
lbsi1000 SFSI1000 " T2BEncoding ReEncodeFont " <cm-super-t2b.enc <sfsi1000.pfb
lbsl1000 SFSL1000 " T2BEncoding ReEncodeFont " <cm-super-t2b.enc <sfsl1000.pfb
lbss1000 SFSS1000 " T2BEncoding ReEncodeFont " <cm-super-t2b.enc <sfss1000.pfb
lbsx1000 SFSX1000 " T2BEncoding ReEncodeFont " <cm-super-t2b.enc <sfsx1000.pfb
lbtc1000 SFTC1000 " T2BEncoding ReEncodeFont " <cm-super-t2b.enc <sftc1000.pfb
lbti1000 SFTI1000 " T2BEncoding ReEncodeFont " <cm-super-t2b.enc <sfti1000.pfb
lbtt1000 SFTT1000 " T2BEncoding ReEncodeFont " <cm-super-t2b.enc <sftt1000.pfb
lcbi1000 SFBI1000 " T2CEncoding ReEncodeFont " <cm-super-t2c.enc <sfbi1000.pfb
lcbx1000 SFBX1000 " T2CEncoding ReEncodeFont " <cm-super-t2c.enc <sfbx1000.pfb
lccc1000 SFCC1000 " T2CEncoding ReEncodeFont " <cm-super-t2c.enc <sfcc1000.pfb
lcrm1000 SFRM1000 " T2CEncoding ReEncodeFont " <cm-super-t2c.enc <sfrm1000.pfb
lcsc1000 SFSC1000 " T2CEncoding ReEncodeFont " <cm-super-t2c.enc <sfsc1000.pfb
lcsi1000 SFSI1000 " T2CEncoding ReEncodeFont " <cm-super-t2c.enc <sfsi1000.pfb
lcsl1000 SFSL1000 " T2CEncoding ReEncodeFont " <cm-super-t2c.enc <sfsl1000.pfb
lcss1000 SFSS1000 " T2CEncoding ReEncodeFont " <cm-super-t2c.enc <sfss1000.pfb
lcsx1000 SFSX1000 " T2CEncoding ReEncodeFont " <cm-super-t2c.enc <sfsx1000.pfb
lctc1000 SFTC1000 " T2CEncoding ReEncodeFont " <cm-super-t2c.enc <sftc1000.pfb
lcti1000 SFTI1000 " T2CEncoding ReEncodeFont " <cm-super-t2c.enc <sfti1000.pfb
lctt1000 SFTT1000 " T2CEncoding ReEncodeFont " <cm-super-t2c.enc <sftt1000.pfb
tcbi1000 SFBI1000 " TS1Encoding ReEncodeFont " <cm-super-ts1.enc <sfbi1000.pfb
tcbx1000 SFBX1000 " TS1Encoding ReEncodeFont " <cm-super-ts1.enc <sfbx1000.pfb
tcrm1000 SFRM1000 " TS1Encoding ReEncodeFont " <cm-super-ts1.enc <sfrm1000.pfb
tcsi1000 SFSI1000 " TS1Encoding ReEncodeFont " <cm-super-ts1.enc <sfsi1000.pfb
tcsl1000 SFSL1000 " TS1Encoding ReEncodeFont " <cm-super-ts1.enc <sfsl1000.pfb
tcss1000 SFSS1000 " TS1Encoding ReEncodeFont " <cm-super-ts1.enc <sfss1000.pfb
tcsx1000 SFSX1000 " TS1Encoding ReEncodeFont " <cm-super-ts1.enc <sfsx1000.pfb
tcti1000 SFTI1000 " TS1Encoding ReEncodeFont " <cm-super-ts1.enc <sfti1000.pfb
tctt1000 SFTT1000 " TS1Encoding ReEncodeFont " <cm-super-ts1.enc <sftt1000.pfb
rxbi1000 SFBI1000 " X2Encoding ReEncodeFont " <cm-super-x2.enc <sfbi1000.pfb
rxbx1000 SFBX1000 " X2Encoding ReEncodeFont " <cm-super-x2.enc <sfbx1000.pfb
rxcc1000 SFCC1000 " X2Encoding ReEncodeFont " <cm-super-x2.enc <sfcc1000.pfb
rxrm1000 SFRM1000 " X2Encoding ReEncodeFont " <cm-super-x2.enc <sfrm1000.pfb
rxsc1000 SFSC1000 " X2Encoding ReEncodeFont " <cm-super-x2.enc <sfsc1000.pfb
rxsi1000 SFSI1000 " X2Encoding ReEncodeFont " <cm-super-x2.enc <sfsi1000.pfb
rxsl1000 SFSL1000 " X2Encoding ReEncodeFont " <cm-super-x2.enc <sfsl1000.pfb
rxss1000 SFSS1000 " X2Encoding ReEncodeFont " <cm-super-x2.enc <sfss1000.pfb
rxsx1000 SFSX1000 " X2Encoding ReEncodeFont " <cm-super-x2.enc <sfsx1000.pfb
rxtc1000 SFTC1000 " X2Encoding ReEncodeFont " <cm-super-x2.enc <sftc1000.pfb
rxti1000 SFTI1000 " X2Encoding ReEncodeFont " <cm-super-x2.enc <sfti1000.pfb
rxtt1000 SFTT1000 " X2Encoding ReEncodeFont " <cm-super-x2.enc <sftt1000.pfb
cmb10 CMB10 <cmb10.pfb
cmbsy10 CMBSY10 <cmbsy10.pfb
cmbx10 CMBX10 <cmbx10.pfb
cmbx12 CMBX12 <cmbx12.pfb
cmbx5 CMBX5 <cmbx5.pfb
cmbx6 CMBX6 <cmbx6.pfb
cmbx7 CMBX7 <cmbx7.pfb
cmbx8 CMBX8 <cmbx8.pfb
cmbx9 CMBX9 <cmbx9.pfb
cmbxsl10 CMBXSL10 <cmbxsl10.pfb
cmbxti10 CMBXTI10 <cmbxti10.pfb
cmcsc10 CMCSC10 <cmcsc10.pfb
cmdunh10 CMDUNH10 <cmdunh10.pfb
cmex10 CMEX10 <cmex10.pfb
cmff10 CMFF10 <cmff10.pfb
cmfi10 CMFI10 <cmfi10.pfb
cmfib8 CMFIB8 <cmfib8.pfb
cminch CMINCH <cminch.pfb
cmitt10 CMITT10 <cmitt10.pfb
cmmi10 CMMI10 <cmmi10.pfb
cmmi12 CMMI12 <cmmi12.pfb
cmmi5 CMMI5 <cmmi5.pfb
cmmi6 CMMI6 <cmmi6.pfb
cmmi7 CMMI7 <cmmi7.pfb
cmmi8 CMMI8 <cmmi8.pfb
cmmi9 CMMI9 <cmmi9.pfb
cmmib10 CMMIB10 <cmmib10.pfb
cmr10 CMR10 <cmr10.pfb
cmr12 CMR12 <cmr12.pfb
cmr17 CMR17 <cmr17.pfb
cmr5 CMR5 <cmr5.pfb
cmr6 CMR6 <cmr6.pfb
cmr7 CMR7 <cmr7.pfb
cmr8 CMR8 <cmr8.pfb
cmr9 CMR9 <cmr9.pfb
cmsl10 CMSL10 <cmsl10.pfb
cmsl12 CMSL12 <cmsl12.pfb
cmsl8 CMSL8 <cmsl8.pfb
cmsl9 CMSL9 <cmsl9.pfb
cmsltt10 CMSLTT10 <cmsltt10.pfb
cmss10 CMSS10 <cmss10.pfb
cmss12 CMSS12 <cmss12.pfb
cmss17 CMSS17 <cmss17.pfb
cmss8 CMSS8 <cmss8.pfb
cmss9 CMSS9 <cmss9.pfb
cmssbx10 CMSSBX10 <cmssbx10.pfb
cmssdc10 CMSSDC10 <cmssdc10.pfb
cmssi10 CMSSI10 <cmssi10.pfb
cmssi12 CMSSI12 <cmssi12.pfb
cmssi17 CMSSI17 <cmssi17.pfb
cmssi8 CMSSI8 <cmssi8.pfb
cmssi9 CMSSI9 <cmssi9.pfb
cmssq8 CMSSQ8 <cmssq8.pfb
cmssqi8 CMSSQI8 <cmssqi8.pfb
cmsy10 CMSY10 <cmsy10.pfb
cmsy5 CMSY5 <cmsy5.pfb
cmsy6 CMSY6 <cmsy6.pfb
cmsy7 CMSY7 <cmsy7.pfb
cmsy8 CMSY8 <cmsy8.pfb
cmsy9 CMSY9 <cmsy9.pfb
cmtcsc10 CMTCSC10 <cmtcsc10.pfb
cmtex10 CMTEX10 <cmtex10.pfb
cmtex8 CMTEX8 <cmtex8.pfb
cmtex9 CMTEX9 <cmtex9.pfb
cmti10 CMTI10 <cmti10.pfb
cmti12 CMTI12 <cmti12.pfb
cmti7 CMTI7 <cmti7.pfb
cmti8 CMTI8 <cmti8.pfb
cmti9 CMTI9 <cmti9.pfb
cmtt10 CMTT10 <cmtt10.pfb
cmtt12 CMTT12 <cmtt12.pfb
cmtt8 CMTT8 <cmtt8.pfb
cmtt9 CMTT9 <cmtt9.pfb
cmu10 CMU10 <cmu10.pfb
cmvtt10 CMVTT10 <cmvtt10.pfb
cmbxti12 CMBXTI10 <cmbxti10.pfb
cmbxti7 CMBXTI10 <cmbxti10.pfb
cmitt12 CMITT12 <cmitt10.pfb
cmitt9 CMITT10 <cmitt10.pfb
cmsl6 CMSL8 <cmsl8.pfb
cmsltt9 CMSLTT10 <cmsltt10.pfb
line10 LINE10 <line10.pfb
rsfs10 rsfs10 <rsfs10.pfb
stmary10 stmary10 <stmary10.pfb
msam10 MSAM10 <msam10.pfb
XCharter-Bold-tlf-t1--base XCharter-Bold " AutoEnc_rydp4lirfokm2yleqgpye6uk6c ReEncodeFont " <[xch_rydp4l.enc <XCharter-Bold.pfb
XCharter-Italic-tlf-t1--base XCharter-Italic " AutoEnc_rydp4lirfokm2yleqgpye6uk6c ReEncodeFont " <[xch_rydp4l.enc <XCharter-Italic.pfb
XCharter-Roman-tlf-t1--base XCharter-Roman " AutoEnc_rydp4lirfokm2yleqgpye6uk6c ReEncodeFont " <[xch_rydp4l.enc <XCharter-Roman.pfb
bchb8r CharterBT-Bold " TeXBase1Encoding ReEncodeFont " <8r.enc <bchb8a.pfb
bchbo8r CharterBT-Bold " .167 SlantFont TeXBase1Encoding ReEncodeFont " <8r.enc <bchb8a.pfb
bchr8r CharterBT-Roman " TeXBase1Encoding ReEncodeFont " <8r.enc <bchr8a.pfb
bchri8r CharterBT-Italic " TeXBase1Encoding ReEncodeFont " <8r.enc <bchri8a.pfb
bchro8r CharterBT-Roman " .167 SlantFont TeXBase1Encoding ReEncodeFont " <8r.enc <bchr8a.pfb
dsrom10 dsrom10 <dsrom10.pfb
LinLibertineT-tlf-sc-t1--base LinLibertineT " AutoEnc_ncsllpc66uz4nuc3hbkvugg34b ReEncodeFont " <[lbtn_ncsllp.enc <LinLibertineT.pfb
LinLibertineT-tlf-t1--base LinLibertineT " AutoEnc_76gpa573ui462u7ov2a5iiyo2h ReEncodeFont " <[lbtn_76gpa5.enc <LinLibertineT.pfb
LinLibertineTB-tlf-t1--base LinLibertineTB " AutoEnc_nh77jqgsewtkkvws7b4sl5iqee ReEncodeFont " <[lbtn_nh77jq.enc <LinLibertineTB.pfb
LinLibertineTI-tlf-t1--base LinLibertineTI " AutoEnc_7grukw4ftfgbx23ssythacmksg ReEncodeFont " <[lbtn_7grukw.enc <LinLibertineTI.pfb
ec-lmb10 LMRomanDemi10-Regular " enclmec ReEncodeFont " <lm-ec.enc <lmb10.pfb
ec-lmbo10 LMRomanDemi10-Oblique " enclmec ReEncodeFont " <lm-ec.enc <lmbo10.pfb
ec-lmbx10 LMRoman10-Bold " enclmec ReEncodeFont " <lm-ec.enc <lmbx10.pfb
ec-lmbx12 LMRoman12-Bold " enclmec ReEncodeFont " <lm-ec.enc <lmbx12.pfb
ec-lmbx5 LMRoman5-Bold " enclmec ReEncodeFont " <lm-ec.enc <lmbx5.pfb
ec-lmbx6 LMRoman6-Bold " enclmec ReEncodeFont " <lm-ec.enc <lmbx6.pfb
ec-lmbx7 LMRoman7-Bold " enclmec ReEncodeFont " <lm-ec.enc <lmbx7.pfb
ec-lmbx8 LMRoman8-Bold " enclmec ReEncodeFont " <lm-ec.enc <lmbx8.pfb
ec-lmbx9 LMRoman9-Bold " enclmec ReEncodeFont " <lm-ec.enc <lmbx9.pfb
ec-lmbxi10 LMRoman10-BoldItalic " enclmec ReEncodeFont " <lm-ec.enc <lmbxi10.pfb
ec-lmbxo10 LMRomanSlant10-Bold " enclmec ReEncodeFont " <lm-ec.enc <lmbxo10.pfb
ec-lmcsc10 LMRomanCaps10-Regular " enclmec ReEncodeFont " <lm-ec.enc <lmcsc10.pfb
ec-lmcsco10 LMRomanCaps10-Oblique " enclmec ReEncodeFont " <lm-ec.enc <lmcsco10.pfb
ec-lmdunh10 LMRomanDunh10-Regular " enclmec ReEncodeFont " <lm-ec.enc <lmdunh10.pfb
ec-lmduno10 LMRomanDunh10-Oblique " enclmec ReEncodeFont " <lm-ec.enc <lmduno10.pfb
ec-lmr10 LMRoman10-Regular " enclmec ReEncodeFont " <lm-ec.enc <lmr10.pfb
ec-lmr12 LMRoman12-Regular " enclmec ReEncodeFont " <lm-ec.enc <lmr12.pfb
ec-lmr17 LMRoman17-Regular " enclmec ReEncodeFont " <lm-ec.enc <lmr17.pfb
ec-lmr5 LMRoman5-Regular " enclmec ReEncodeFont " <lm-ec.enc <lmr5.pfb
ec-lmr6 LMRoman6-Regular " enclmec ReEncodeFont " <lm-ec.enc <lmr6.pfb
ec-lmr7 LMRoman7-Regular " enclmec ReEncodeFont " <lm-ec.enc <lmr7.pfb
ec-lmr8 LMRoman8-Regular " enclmec ReEncodeFont " <lm-ec.enc <lmr8.pfb
ec-lmr9 LMRoman9-Regular " enclmec ReEncodeFont " <lm-ec.enc <lmr9.pfb
ec-lmri10 LMRoman10-Italic " enclmec ReEncodeFont " <lm-ec.enc <lmri10.pfb
ec-lmri12 LMRoman12-Italic " enclmec ReEncodeFont " <lm-ec.enc <lmri12.pfb
ec-lmri7 LMRoman7-Italic " enclmec ReEncodeFont " <lm-ec.enc <lmri7.pfb
ec-lmri8 LMRoman8-Italic " enclmec ReEncodeFont " <lm-ec.enc <lmri8.pfb
ec-lmri9 LMRoman9-Italic " enclmec ReEncodeFont " <lm-ec.enc <lmri9.pfb
ec-lmro10 LMRomanSlant10-Regular " enclmec ReEncodeFont " <lm-ec.enc <lmro10.pfb
ec-lmro12 LMRomanSlant12-Regular " enclmec ReEncodeFont " <lm-ec.enc <lmro12.pfb
ec-lmro17 LMRomanSlant17-Regular " enclmec ReEncodeFont " <lm-ec.enc <lmro17.pfb
ec-lmro8 LMRomanSlant8-Regular " enclmec ReEncodeFont " <lm-ec.enc <lmro8.pfb
ec-lmro9 LMRomanSlant9-Regular " enclmec ReEncodeFont " <lm-ec.enc <lmro9.pfb
ec-lmss10 LMSans10-Regular " enclmec ReEncodeFont " <lm-ec.enc <lmss10.pfb
ec-lmss12 LMSans12-Regular " enclmec ReEncodeFont " <lm-ec.enc <lmss12.pfb
ec-lmss17 LMSans17-Regular " enclmec ReEncodeFont " <lm-ec.enc <lmss17.pfb
ec-lmss8 LMSans8-Regular " enclmec ReEncodeFont " <lm-ec.enc <lmss8.pfb
ec-lmss9 LMSans9-Regular " enclmec ReEncodeFont " <lm-ec.enc <lmss9.pfb
ec-lmssbo10 LMSans10-BoldOblique " enclmec ReEncodeFont " <lm-ec.enc <lmssbo10.pfb
ec-lmssbx10 LMSans10-Bold " enclmec ReEncodeFont " <lm-ec.enc <lmssbx10.pfb
ec-lmssdc10 LMSansDemiCond10-Regular " enclmec ReEncodeFont " <lm-ec.enc <lmssdc10.pfb
ec-lmssdo10 LMSansDemiCond10-Oblique " enclmec ReEncodeFont " <lm-ec.enc <lmssdo10.pfb
ec-lmsso10 LMSans10-Oblique " enclmec ReEncodeFont " <lm-ec.enc <lmsso10.pfb
ec-lmsso12 LMSans12-Oblique " enclmec ReEncodeFont " <lm-ec.enc <lmsso12.pfb
ec-lmsso17 LMSans17-Oblique " enclmec ReEncodeFont " <lm-ec.enc <lmsso17.pfb
ec-lmsso8 LMSans8-Oblique " enclmec ReEncodeFont " <lm-ec.enc <lmsso8.pfb
ec-lmsso9 LMSans9-Oblique " enclmec ReEncodeFont " <lm-ec.enc <lmsso9.pfb
ec-lmssq8 LMSansQuot8-Regular " enclmec ReEncodeFont " <lm-ec.enc <lmssq8.pfb
ec-lmssqbo8 LMSansQuot8-BoldOblique " enclmec ReEncodeFont " <lm-ec.enc <lmssqbo8.pfb
ec-lmssqbx8 LMSansQuot8-Bold " enclmec ReEncodeFont " <lm-ec.enc <lmssqbx8.pfb
ec-lmssqo8 LMSansQuot8-Oblique " enclmec ReEncodeFont " <lm-ec.enc <lmssqo8.pfb
ec-lmtcsc10 LMMonoCaps10-Regular " enclmec ReEncodeFont " <lm-ec.enc <lmtcsc10.pfb
ec-lmtcso10 LMMonoCaps10-Oblique " enclmec ReEncodeFont " <lm-ec.enc <lmtcso10.pfb
ec-lmtk10 LMMonoLt10-Bold " enclmec ReEncodeFont " <lm-ec.enc <lmtk10.pfb
ec-lmtko10 LMMonoLt10-BoldOblique " enclmec ReEncodeFont " <lm-ec.enc <lmtko10.pfb
ec-lmtl10 LMMonoLt10-Regular " enclmec ReEncodeFont " <lm-ec.enc <lmtl10.pfb
ec-lmtlc10 LMMonoLtCond10-Regular " enclmec ReEncodeFont " <lm-ec.enc <lmtlc10.pfb
ec-lmtlco10 LMMonoLtCond10-Oblique " enclmec ReEncodeFont " <lm-ec.enc <lmtlco10.pfb
ec-lmtlo10 LMMonoLt10-Oblique " enclmec ReEncodeFont " <lm-ec.enc <lmtlo10.pfb
ec-lmtt10 LMMono10-Regular " enclmec ReEncodeFont " <lm-ec.enc <lmtt10.pfb
ec-lmtt12 LMMono12-Regular " enclmec ReEncodeFont " <lm-ec.enc <lmtt12.pfb
ec-lmtt8 LMMono8-Regular " enclmec ReEncodeFont " <lm-ec.enc <lmtt8.pfb
ec-lmtt9 LMMono9-Regular " enclmec ReEncodeFont " <lm-ec.enc <lmtt9.pfb
ec-lmtti10 LMMono10-Italic " enclmec ReEncodeFont " <lm-ec.enc <lmtti10.pfb
ec-lmtto10 LMMonoSlant10-Regular " enclmec ReEncodeFont " <lm-ec.enc <lmtto10.pfb
ec-lmu10 LMRomanUnsl10-Regular " enclmec ReEncodeFont " <lm-ec.enc <lmu10.pfb
ec-lmvtk10 LMMonoPropLt10-Bold " enclmec ReEncodeFont " <lm-ec.enc <lmvtk10.pfb
ec-lmvtko10 LMMonoPropLt10-BoldOblique " enclmec ReEncodeFont " <lm-ec.enc <lmvtko10.pfb
ec-lmvtl10 LMMonoPropLt10-Regular " enclmec ReEncodeFont " <lm-ec.enc <lmvtl10.pfb
ec-lmvtlo10 LMMonoPropLt10-Oblique " enclmec ReEncodeFont " <lm-ec.enc <lmvtlo10.pfb
ec-lmvtt10 LMMonoProp10-Regular " enclmec ReEncodeFont " <lm-ec.enc <lmvtt10.pfb
ec-lmvtto10 LMMonoProp10-Oblique " enclmec ReEncodeFont " <lm-ec.enc <lmvtto10.pfb
lmbsy10 LMMathSymbols10-Bold " enclmmathsy ReEncodeFont " <lm-mathsy.enc <lmbsy10.pfb
lmbsy5 LMMathSymbols5-Bold " enclmmathsy ReEncodeFont " <lm-mathsy.enc <lmbsy5.pfb
lmbsy7 LMMathSymbols7-Bold " enclmmathsy ReEncodeFont " <lm-mathsy.enc <lmbsy7.pfb
lmex10 LMMathExtension10-Regular " enclmmathex ReEncodeFont " <lm-mathex.enc <lmex10.pfb
lmmi10 LMMathItalic10-Regular " enclmmathit ReEncodeFont " <lm-mathit.enc <lmmi10.pfb
lmmi12 LMMathItalic12-Regular " enclmmathit ReEncodeFont " <lm-mathit.enc <lmmi12.pfb
lmmi5 LMMathItalic5-Regular " enclmmathit ReEncodeFont " <lm-mathit.enc <lmmi5.pfb
lmmi6 LMMathItalic6-Regular " enclmmathit ReEncodeFont " <lm-mathit.enc <lmmi6.pfb
lmmi7 LMMathItalic7-Regular " enclmmathit ReEncodeFont " <lm-mathit.enc <lmmi7.pfb
lmmi8 LMMathItalic8-Regular " enclmmathit ReEncodeFont " <lm-mathit.enc <lmmi8.pfb
lmmi9 LMMathItalic9-Regular " enclmmathit ReEncodeFont " <lm-mathit.enc <lmmi9.pfb
lmmib10 LMMathItalic10-Bold " enclmmathit ReEncodeFont " <lm-mathit.enc <lmmib10.pfb
lmmib5 LMMathItalic5-Bold " enclmmathit ReEncodeFont " <lm-mathit.enc <lmmib5.pfb
lmmib7 LMMathItalic7-Bold " enclmmathit ReEncodeFont " <lm-mathit.enc <lmmib7.pfb
lmsy10 LMMathSymbols10-Regular " enclmmathsy ReEncodeFont " <lm-mathsy.enc <lmsy10.pfb
lmsy5 LMMathSymbols5-Regular " enclmmathsy ReEncodeFont " <lm-mathsy.enc <lmsy5.pfb
lmsy6 LMMathSymbols6-Regular " enclmmathsy ReEncodeFont " <lm-mathsy.enc <lmsy6.pfb
lmsy7 LMMathSymbols7-Regular " enclmmathsy ReEncodeFont " <lm-mathsy.enc <lmsy7.pfb
lmsy8 LMMathSymbols8-Regular " enclmmathsy ReEncodeFont " <lm-mathsy.enc <lmsy8.pfb
lmsy9 LMMathSymbols9-Regular " enclmmathsy ReEncodeFont " <lm-mathsy.enc <lmsy9.pfb
rm-lmb10 LMRomanDemi10-Regular " enclmrm ReEncodeFont " <lm-rm.enc <lmb10.pfb
rm-lmbo10 LMRomanDemi10-Oblique " enclmrm ReEncodeFont " <lm-rm.enc <lmbo10.pfb
rm-lmbx10 LMRoman10-Bold " enclmrm ReEncodeFont " <lm-rm.enc <lmbx10.pfb
rm-lmbx12 LMRoman12-Bold " enclmrm ReEncodeFont " <lm-rm.enc <lmbx12.pfb
rm-lmbx5 LMRoman5-Bold " enclmrm ReEncodeFont " <lm-rm.enc <lmbx5.pfb
rm-lmbx6 LMRoman6-Bold " enclmrm ReEncodeFont " <lm-rm.enc <lmbx6.pfb
rm-lmbx7 LMRoman7-Bold " enclmrm ReEncodeFont " <lm-rm.enc <lmbx7.pfb
rm-lmbx8 LMRoman8-Bold " enclmrm ReEncodeFont " <lm-rm.enc <lmbx8.pfb
rm-lmbx9 LMRoman9-Bold " enclmrm ReEncodeFont " <lm-rm.enc <lmbx9.pfb
rm-lmbxi10 LMRoman10-BoldItalic " enclmrm ReEncodeFont " <lm-rm.enc <lmbxi10.pfb
rm-lmbxo10 LMRomanSlant10-Bold " enclmrm ReEncodeFont " <lm-rm.enc <lmbxo10.pfb
rm-lmdunh10 LMRomanDunh10-Regular " enclmrm ReEncodeFont " <lm-rm.enc <lmdunh10.pfb
rm-lmduno10 LMRomanDunh10-Oblique " enclmrm ReEncodeFont " <lm-rm.enc <lmduno10.pfb
rm-lmr10 LMRoman10-Regular " enclmrm ReEncodeFont " <lm-rm.enc <lmr10.pfb
rm-lmr12 LMRoman12-Regular " enclmrm ReEncodeFont " <lm-rm.enc <lmr12.pfb
rm-lmr17 LMRoman17-Regular " enclmrm ReEncodeFont " <lm-rm.enc <lmr17.pfb
rm-lmr5 LMRoman5-Regular " enclmrm ReEncodeFont " <lm-rm.enc <lmr5.pfb
rm-lmr6 LMRoman6-Regular " enclmrm ReEncodeFont " <lm-rm.enc <lmr6.pfb
rm-lmr7 LMRoman7-Regular " enclmrm ReEncodeFont " <lm-rm.enc <lmr7.pfb
rm-lmr8 LMRoman8-Regular " enclmrm ReEncodeFont " <lm-rm.enc <lmr8.pfb
rm-lmr9 LMRoman9-Regular " enclmrm ReEncodeFont " <lm-rm.enc <lmr9.pfb
rm-lmri10 LMRoman10-Italic " enclmrm ReEncodeFont " <lm-rm.enc <lmri10.pfb
rm-lmri12 LMRoman12-Italic " enclmrm ReEncodeFont " <lm-rm.enc <lmri12.pfb
rm-lmri7 LMRoman7-Italic " enclmrm ReEncodeFont " <lm-rm.enc <lmri7.pfb
rm-lmri8 LMRoman8-Italic " enclmrm ReEncodeFont " <lm-rm.enc <lmri8.pfb
rm-lmri9 LMRoman9-Italic " enclmrm ReEncodeFont " <lm-rm.enc <lmri9.pfb
rm-lmro10 LMRomanSlant10-Regular " enclmrm ReEncodeFont " <lm-rm.enc <lmro10.pfb
rm-lmro12 LMRomanSlant12-Regular " enclmrm ReEncodeFont " <lm-rm.enc <lmro12.pfb
rm-lmro17 LMRomanSlant17-Regular " enclmrm ReEncodeFont " <lm-rm.enc <lmro17.pfb
rm-lmro8 LMRomanSlant8-Regular " enclmrm ReEncodeFont " <lm-rm.enc <lmro8.pfb
rm-lmro9 LMRomanSlant9-Regular " enclmrm ReEncodeFont " <lm-rm.enc <lmro9.pfb
rm-lmss10 LMSans10-Regular " enclmrm ReEncodeFont " <lm-rm.enc <lmss10.pfb
rm-lmss12 LMSans12-Regular " enclmrm ReEncodeFont " <lm-rm.enc <lmss12.pfb
rm-lmss17 LMSans17-Regular " enclmrm ReEncodeFont " <lm-rm.enc <lmss17.pfb
rm-lmss8 LMSans8-Regular " enclmrm ReEncodeFont " <lm-rm.enc <lmss8.pfb
rm-lmss9 LMSans9-Regular " enclmrm ReEncodeFont " <lm-rm.enc <lmss9.pfb
rm-lmssbo10 LMSans10-BoldOblique " enclmrm ReEncodeFont " <lm-rm.enc <lmssbo10.pfb
rm-lmssbx10 LMSans10-Bold " enclmrm ReEncodeFont " <lm-rm.enc <lmssbx10.pfb
rm-lmssdc10 LMSansDemiCond10-Regular " enclmrm ReEncodeFont " <lm-rm.enc <lmssdc10.pfb
rm-lmssdo10 LMSansDemiCond10-Oblique " enclmrm ReEncodeFont " <lm-rm.enc <lmssdo10.pfb
rm-lmsso10 LMSans10-Oblique " enclmrm ReEncodeFont " <lm-rm.enc <lmsso10.pfb
rm-lmsso12 LMSans12-Oblique " enclmrm ReEncodeFont " <lm-rm.enc <lmsso12.pfb
rm-lmsso17 LMSans17-Oblique " enclmrm ReEncodeFont " <lm-rm.enc <lmsso17.pfb
rm-lmsso8 LMSans8-Oblique " enclmrm ReEncodeFont " <lm-rm.enc <lmsso8.pfb
rm-lmsso9 LMSans9-Oblique " enclmrm ReEncodeFont " <lm-rm.enc <lmsso9.pfb
rm-lmssq8 LMSansQuot8-Regular " enclmrm ReEncodeFont " <lm-rm.enc <lmssq8.pfb
rm-lmssqbo8 LMSansQuot8-BoldOblique " enclmrm ReEncodeFont " <lm-rm.enc <lmssqbo8.pfb
rm-lmssqbx8 LMSansQuot8-Bold " enclmrm ReEncodeFont " <lm-rm.enc <lmssqbx8.pfb
rm-lmssqo8 LMSansQuot8-Oblique " enclmrm ReEncodeFont " <lm-rm.enc <lmssqo8.pfb
rm-lmtcsc10 LMMonoCaps10-Regular " enclmrmtt ReEncodeFont " <lm-rmtt.enc <lmtcsc10.pfb
rm-lmtcso10 LMMonoCaps10-Oblique " enclmrmtt ReEncodeFont " <lm-rmtt.enc <lmtcso10.pfb
rm-lmtk10 LMMonoLt10-Bold " enclmrmtt ReEncodeFont " <lm-rmtt.enc <lmtk10.pfb
rm-lmtko10 LMMonoLt10-BoldOblique " enclmrmtt ReEncodeFont " <lm-rmtt.enc <lmtko10.pfb
rm-lmtl10 LMMonoLt10-Regular " enclmrmtt ReEncodeFont " <lm-rmtt.enc <lmtl10.pfb
rm-lmtlc10 LMMonoLtCond10-Regular " enclmrmtt ReEncodeFont " <lm-rmtt.enc <lmtlc10.pfb
rm-lmtlco10 LMMonoLtCond10-Oblique " enclmrmtt ReEncodeFont " <lm-rmtt.enc <lmtlco10.pfb
rm-lmtlo10 LMMonoLt10-Oblique " enclmrmtt ReEncodeFont " <lm-rmtt.enc <lmtlo10.pfb
rm-lmtt10 LMMono10-Regular " enclmrmtt ReEncodeFont " <lm-rmtt.enc <lmtt10.pfb
rm-lmtt12 LMMono12-Regular " enclmrmtt ReEncodeFont " <lm-rmtt.enc <lmtt12.pfb
rm-lmtt8 LMMono8-Regular " enclmrmtt ReEncodeFont " <lm-rmtt.enc <lmtt8.pfb
rm-lmtt9 LMMono9-Regular " enclmrmtt ReEncodeFont " <lm-rmtt.enc <lmtt9.pfb
rm-lmtti10 LMMono10-Italic " enclmrmtt ReEncodeFont " <lm-rmtt.enc <lmtti10.pfb
rm-lmtto10 LMMonoSlant10-Regular " enclmrmtt ReEncodeFont " <lm-rmtt.enc <lmtto10.pfb
rm-lmu10 LMRomanUnsl10-Regular " enclmrm ReEncodeFont " <lm-rm.enc <lmu10.pfb
rm-lmvtk10 LMMonoPropLt10-Bold " enclmrm ReEncodeFont " <lm-rm.enc <lmvtk10.pfb
rm-lmvtko10 LMMonoPropLt10-BoldOblique " enclmrm ReEncodeFont " <lm-rm.enc <lmvtko10.pfb
rm-lmvtl10 LMMonoPropLt10-Regular " enclmrm ReEncodeFont " <lm-rm.enc <lmvtl10.pfb
rm-lmvtlo10 LMMonoPropLt10-Oblique " enclmrm ReEncodeFont " <lm-rm.enc <lmvtlo10.pfb
rm-lmvtt10 LMMonoProp10-Regular " enclmrm ReEncodeFont " <lm-rm.enc <lmvtt10.pfb
rm-lmvtto10 LMMonoProp10-Oblique " enclmrm ReEncodeFont " <lm-rm.enc <lmvtto10.pfb
ts1-lmb10 LMRomanDemi10-Regular " enclmts1 ReEncodeFont " <lm-ts1.enc <lmb10.pfb
ts1-lmbo10 LMRomanDemi10-Oblique " enclmts1 ReEncodeFont " <lm-ts1.enc <lmbo10.pfb
ts1-lmbx10 LMRoman10-Bold " enclmts1 ReEncodeFont " <lm-ts1.enc <lmbx10.pfb
ts1-lmbx12 LMRoman12-Bold " enclmts1 ReEncodeFont " <lm-ts1.enc <lmbx12.pfb
ts1-lmbx5 LMRoman5-Bold " enclmts1 ReEncodeFont " <lm-ts1.enc <lmbx5.pfb
ts1-lmbx6 LMRoman6-Bold " enclmts1 ReEncodeFont " <lm-ts1.enc <lmbx6.pfb
ts1-lmbx7 LMRoman7-Bold " enclmts1 ReEncodeFont " <lm-ts1.enc <lmbx7.pfb
ts1-lmbx8 LMRoman8-Bold " enclmts1 ReEncodeFont " <lm-ts1.enc <lmbx8.pfb
ts1-lmbx9 LMRoman9-Bold " enclmts1 ReEncodeFont " <lm-ts1.enc <lmbx9.pfb
ts1-lmbxi10 LMRoman10-BoldItalic " enclmts1 ReEncodeFont " <lm-ts1.enc <lmbxi10.pfb
ts1-lmbxo10 LMRomanSlant10-Bold " enclmts1 ReEncodeFont " <lm-ts1.enc <lmbxo10.pfb
ts1-lmcsc10 LMRomanCaps10-Regular " enclmts1 ReEncodeFont " <lm-ts1.enc <lmcsc10.pfb
ts1-lmcsco10 LMRomanCaps10-Oblique " enclmts1 ReEncodeFont " <lm-ts1.enc <lmcsco10.pfb
ts1-lmdunh10 LMRomanDunh10-Regular " enclmts1 ReEncodeFont " <lm-ts1.enc <lmdunh10.pfb
ts1-lmduno10 LMRomanDunh10-Oblique " enclmts1 ReEncodeFont " <lm-ts1.enc <lmduno10.pfb
ts1-lmr10 LMRoman10-Regular " enclmts1 ReEncodeFont " <lm-ts1.enc <lmr10.pfb
ts1-lmr12 LMRoman12-Regular " enclmts1 ReEncodeFont " <lm-ts1.enc <lmr12.pfb
ts1-lmr17 LMRoman17-Regular " enclmts1 ReEncodeFont " <lm-ts1.enc <lmr17.pfb
ts1-lmr5 LMRoman5-Regular " enclmts1 ReEncodeFont " <lm-ts1.enc <lmr5.pfb
ts1-lmr6 LMRoman6-Regular " enclmts1 ReEncodeFont " <lm-ts1.enc <lmr6.pfb
ts1-lmr7 LMRoman7-Regular " enclmts1 ReEncodeFont " <lm-ts1.enc <lmr7.pfb
ts1-lmr8 LMRoman8-Regular " enclmts1 ReEncodeFont " <lm-ts1.enc <lmr8.pfb
ts1-lmr9 LMRoman9-Regular " enclmts1 ReEncodeFont " <lm-ts1.enc <lmr9.pfb
ts1-lmri10 LMRoman10-Italic " enclmts1 ReEncodeFont " <lm-ts1.enc <lmri10.pfb
ts1-lmri12 LMRoman12-Italic " enclmts1 ReEncodeFont " <lm-ts1.enc <lmri12.pfb
ts1-lmri7 LMRoman7-Italic " enclmts1 ReEncodeFont " <lm-ts1.enc <lmri7.pfb
ts1-lmri8 LMRoman8-Italic " enclmts1 ReEncodeFont " <lm-ts1.enc <lmri8.pfb
ts1-lmri9 LMRoman9-Italic " enclmts1 ReEncodeFont " <lm-ts1.enc <lmri9.pfb
ts1-lmro10 LMRomanSlant10-Regular " enclmts1 ReEncodeFont " <lm-ts1.enc <lmro10.pfb
ts1-lmro12 LMRomanSlant12-Regular " enclmts1 ReEncodeFont " <lm-ts1.enc <lmro12.pfb
ts1-lmro17 LMRomanSlant17-Regular " enclmts1 ReEncodeFont " <lm-ts1.enc <lmro17.pfb
ts1-lmro8 LMRomanSlant8-Regular " enclmts1 ReEncodeFont " <lm-ts1.enc <lmro8.pfb
ts1-lmro9 LMRomanSlant9-Regular " enclmts1 ReEncodeFont " <lm-ts1.enc <lmro9.pfb
ts1-lmss10 LMSans10-Regular " enclmts1 ReEncodeFont " <lm-ts1.enc <lmss10.pfb
ts1-lmss12 LMSans12-Regular " enclmts1 ReEncodeFont " <lm-ts1.enc <lmss12.pfb
ts1-lmss17 LMSans17-Regular " enclmts1 ReEncodeFont " <lm-ts1.enc <lmss17.pfb
ts1-lmss8 LMSans8-Regular " enclmts1 ReEncodeFont " <lm-ts1.enc <lmss8.pfb
ts1-lmss9 LMSans9-Regular " enclmts1 ReEncodeFont " <lm-ts1.enc <lmss9.pfb
ts1-lmssbo10 LMSans10-BoldOblique " enclmts1 ReEncodeFont " <lm-ts1.enc <lmssbo10.pfb
ts1-lmssbx10 LMSans10-Bold " enclmts1 ReEncodeFont " <lm-ts1.enc <lmssbx10.pfb
ts1-lmssdc10 LMSansDemiCond10-Regular " enclmts1 ReEncodeFont " <lm-ts1.enc <lmssdc10.pfb
ts1-lmssdo10 LMSansDemiCond10-Oblique " enclmts1 ReEncodeFont " <lm-ts1.enc <lmssdo10.pfb
ts1-lmsso10 LMSans10-Oblique " enclmts1 ReEncodeFont " <lm-ts1.enc <lmsso10.pfb
ts1-lmsso12 LMSans12-Oblique " enclmts1 ReEncodeFont " <lm-ts1.enc <lmsso12.pfb
ts1-lmsso17 LMSans17-Oblique " enclmts1 ReEncodeFont " <lm-ts1.enc <lmsso17.pfb
ts1-lmsso8 LMSans8-Oblique " enclmts1 ReEncodeFont " <lm-ts1.enc <lmsso8.pfb
ts1-lmsso9 LMSans9-Oblique " enclmts1 ReEncodeFont " <lm-ts1.enc <lmsso9.pfb
ts1-lmssq8 LMSansQuot8-Regular " enclmts1 ReEncodeFont " <lm-ts1.enc <lmssq8.pfb
ts1-lmssqbo8 LMSansQuot8-BoldOblique " enclmts1 ReEncodeFont " <lm-ts1.enc <lmssqbo8.pfb
ts1-lmssqbx8 LMSansQuot8-Bold " enclmts1 ReEncodeFont " <lm-ts1.enc <lmssqbx8.pfb
ts1-lmssqo8 LMSansQuot8-Oblique " enclmts1 ReEncodeFont " <lm-ts1.enc <lmssqo8.pfb
ts1-lmtcsc10 LMMonoCaps10-Regular " enclmts1 ReEncodeFont " <lm-ts1.enc <lmtcsc10.pfb
ts1-lmtcso10 LMMonoCaps10-Oblique " enclmts1 ReEncodeFont " <lm-ts1.enc <lmtcso10.pfb
ts1-lmtk10 LMMonoLt10-Bold " enclmts1 ReEncodeFont " <lm-ts1.enc <lmtk10.pfb
ts1-lmtko10 LMMonoLt10-BoldOblique " enclmts1 ReEncodeFont " <lm-ts1.enc <lmtko10.pfb
ts1-lmtl10 LMMonoLt10-Regular " enclmts1 ReEncodeFont " <lm-ts1.enc <lmtl10.pfb
ts1-lmtlc10 LMMonoLtCond10-Regular " enclmts1 ReEncodeFont " <lm-ts1.enc <lmtlc10.pfb
ts1-lmtlco10 LMMonoLtCond10-Oblique " enclmts1 ReEncodeFont " <lm-ts1.enc <lmtlco10.pfb
ts1-lmtlo10 LMMonoLt10-Oblique " enclmts1 ReEncodeFont " <lm-ts1.enc <lmtlo10.pfb
ts1-lmtt10 LMMono10-Regular " enclmts1 ReEncodeFont " <lm-ts1.enc <lmtt10.pfb
ts1-lmtt12 LMMono12-Regular " enclmts1 ReEncodeFont " <lm-ts1.enc <lmtt12.pfb
ts1-lmtt8 LMMono8-Regular " enclmts1 ReEncodeFont " <lm-ts1.enc <lmtt8.pfb
ts1-lmtt9 LMMono9-Regular " enclmts1 ReEncodeFont " <lm-ts1.enc <lmtt9.pfb
ts1-lmtti10 LMMono10-Italic " enclmts1 ReEncodeFont " <lm-ts1.enc <lmtti10.pfb
ts1-lmtto10 LMMonoSlant10-Regular " enclmts1 ReEncodeFont " <lm-ts1.enc <lmtto10.pfb
ts1-lmu10 LMRomanUnsl10-Regular " enclmts1 ReEncodeFont " <lm-ts1.enc <lmu10.pfb
ts1-lmvtk10 LMMonoPropLt10-Bold " enclmts1 ReEncodeFont " <lm-ts1.enc <lmvtk10.pfb
ts1-lmvtko10 LMMonoPropLt10-BoldOblique " enclmts1 ReEncodeFont " <lm-ts1.enc <lmvtko10.pfb
ts1-lmvtl10 LMMonoPropLt10-Regular " enclmts1 ReEncodeFont " <lm-ts1.enc <lmvtl10.pfb
ts1-lmvtlo10 LMMonoPropLt10-Oblique " enclmts1 ReEncodeFont " <lm-ts1.enc <lmvtlo10.pfb
ts1-lmvtt10 LMMonoProp10-Regular " enclmts1 ReEncodeFont " <lm-ts1.enc <lmvtt10.pfb
ts1-lmvtto10 LMMonoProp10-Oblique " enclmts1 ReEncodeFont " <lm-ts1.enc <lmvtto10.pfb
NewTXMI NewTXMI <NewTXMI.pfb
ntx-Bold-tlf-t1 TeXGyreTermesX-Bold " encntx-ec-tlf ReEncodeFont " <[ntx-ec-tlf.enc <ztmb.pfb
ntx-Italic-tlf-t1 TeXGyreTermesX-Italic " encntx-ec-tlf ReEncodeFont " <[ntx-ec-tlf.enc <ztmri.pfb
ntx-Regular-tlf-t1 TeXGyreTermesX-Regular " encntx-ec-tlf ReEncodeFont " <[ntx-ec-tlf.enc <ztmr.pfb
txsys txsys <txsys.pfb
ztmbsl-tlf-t1 TeXGyreTermesX-Bold " .167 SlantFont encntx-ec-tlf ReEncodeFont " <ntx-ec-tlf.enc <ztmb.pfb
fplmr PazoMath <fplmr.pfb
rrsfso10 rsfs10 " -.4 SlantFont " <rsfs10.pfb
mathkerncmssi10 CMSSI10 <cmssi10.pfb
mathkerncmssi12 CMSSI12 <cmssi12.pfb
mathkerncmssi17 CMSSI17 <cmssi17.pfb
mathkerncmssi8 CMSSI8 <cmssi8.pfb
mathkerncmssi9 CMSSI9 <cmssi9.pfb
ucrr8r NimbusMonL-Regu " TeXBase1Encoding ReEncodeFont " <8r.enc <ucrr8a.pfb
uhvb8r NimbusSanL-Bold " TeXBase1Encoding ReEncodeFont " <8r.enc <uhvb8a.pfb
uhvr8r NimbusSanL-Regu " TeXBase1Encoding ReEncodeFont " <8r.enc <uhvr8a.pfb
uplb8r URWPalladioL-Bold " TeXBase1Encoding ReEncodeFont " <8r.enc <uplb8a.pfb
uplbo8r URWPalladioL-Bold " .167 SlantFont TeXBase1Encoding ReEncodeFont " <8r.enc <uplb8a.pfb
uplr8r URWPalladioL-Roma " TeXBase1Encoding ReEncodeFont " <8r.enc <uplr8a.pfb
uplri8r URWPalladioL-Ital " TeXBase1Encoding ReEncodeFont " <8r.enc <uplri8a.pfb
uplro8r URWPalladioL-Roma " .167 SlantFont TeXBase1Encoding ReEncodeFont " <8r.enc <uplr8a.pfb
utmb8r NimbusRomNo9L-Medi " TeXBase1Encoding ReEncodeFont " <8r.enc <utmb8a.pfb
utmbo8r NimbusRomNo9L-Medi " .167 SlantFont TeXBase1Encoding ReEncodeFont " <8r.enc <utmb8a.pfb
utmr8r NimbusRomNo9L-Regu " TeXBase1Encoding ReEncodeFont " <8r.enc <utmr8a.pfb
utmri8r NimbusRomNo9L-ReguItal " TeXBase1Encoding ReEncodeFont " <8r.enc <utmri8a.pfb
utmro8r NimbusRomNo9L-Regu " .167 SlantFont TeXBase1Encoding ReEncodeFont " <8r.enc <utmr8a.pfb
uzdr Dingbats <uzdr.pfb
